Component: ARM Compiler 5.06 update 1 (build 61) Tool: armlink [4d35a8]

==============================================================================

Section Cross References

    systemclock.o(i.HAL_GetTick) refers to rt_time.o(.data) for os_time
    systemclock.o(i.SystemClock_Config) refers to stm32f7xx_hal_rcc.o(i.HAL_RCC_OscConfig) for HAL_RCC_OscConfig
    systemclock.o(i.SystemClock_Config) refers to stm32f7xx_hal_rcc.o(i.HAL_RCC_ClockConfig) for HAL_RCC_ClockConfig
    info.o(i.draw_info) refers to glcd_746g_discovery.o(i.GLCD_SetFont) for GLCD_SetFont
    info.o(i.draw_info) refers to glcd_746g_discovery.o(i.GLCD_SetBackgroundColor) for GLCD_SetBackgroundColor
    info.o(i.draw_info) refers to glcd_746g_discovery.o(i.GLCD_SetForegroundColor) for GLCD_SetForegroundColor
    info.o(i.draw_info) refers to glcd_746g_discovery.o(i.GLCD_DrawVLine) for GLCD_DrawVLine
    info.o(i.draw_info) refers to glcd_746g_discovery.o(i.GLCD_DrawString) for GLCD_DrawString
    info.o(i.draw_info) refers to glcd_fonts.o(.constdata) for GLCD_Font_6x8
    info.o(i.info) refers to glcd_746g_discovery.o(i.GLCD_ClearScreen) for GLCD_ClearScreen
    info.o(i.info) refers to ui_elements.o(i.draw_top_bar) for draw_top_bar
    info.o(i.info) refers to info.o(i.draw_info) for draw_info
    info.o(i.info) refers to glcd_746g_discovery.o(i.GLCD_SetBackgroundColor) for GLCD_SetBackgroundColor
    info.o(i.info) refers to touch_746g_discovery.o(i.Touch_GetState) for Touch_GetState
    info.o(i.info) refers to info.o(i.check_coords) for check_coords
    info.o(i.info) refers to stm32f7xx_hal.o(i.HAL_Delay) for HAL_Delay
    settings.o(i.draw_settings) refers to glcd_746g_discovery.o(i.GLCD_SetBackgroundColor) for GLCD_SetBackgroundColor
    settings.o(i.draw_settings) refers to glcd_746g_discovery.o(i.GLCD_SetForegroundColor) for GLCD_SetForegroundColor
    settings.o(i.draw_settings) refers to glcd_746g_discovery.o(i.GLCD_SetFont) for GLCD_SetFont
    settings.o(i.draw_settings) refers to glcd_746g_discovery.o(i.GLCD_DrawString) for GLCD_DrawString
    settings.o(i.draw_settings) refers to ui_elements.o(i.draw_string_box) for draw_string_box
    settings.o(i.draw_settings) refers to printf1.o(i.__0sprintf$1) for __2sprintf
    settings.o(i.draw_settings) refers to glcd_fonts.o(.constdata) for GLCD_Font_16x24
    settings.o(i.draw_settings) refers to settings.o(.data) for max_temp
    settings.o(i.settings) refers to glcd_746g_discovery.o(i.GLCD_ClearScreen) for GLCD_ClearScreen
    settings.o(i.settings) refers to ui_elements.o(i.draw_top_bar) for draw_top_bar
    settings.o(i.settings) refers to glcd_746g_discovery.o(i.GLCD_SetBackgroundColor) for GLCD_SetBackgroundColor
    settings.o(i.settings) refers to settings.o(i.draw_settings) for draw_settings
    settings.o(i.settings) refers to touch_746g_discovery.o(i.Touch_GetState) for Touch_GetState
    settings.o(i.settings) refers to settings.o(i.check_coords) for check_coords
    settings.o(i.settings) refers to stm32f7xx_hal.o(i.HAL_Delay) for HAL_Delay
    settings.o(i.settings) refers to settings.o(.data) for max_temp
    sensors.o(i.draw_sensors) refers to sensors.o(i.draw_sensors_box) for draw_sensors_box
    sensors.o(i.draw_sensors) refers to glcd_746g_discovery.o(i.GLCD_SetFont) for GLCD_SetFont
    sensors.o(i.draw_sensors) refers to ui_elements.o(i.draw_string_box) for draw_string_box
    sensors.o(i.draw_sensors) refers to glcd_746g_discovery.o(i.GLCD_SetBackgroundColor) for GLCD_SetBackgroundColor
    sensors.o(i.draw_sensors) refers to glcd_fonts.o(.constdata) for GLCD_Font_16x24
    sensors.o(i.draw_sensors_box) refers to strlen.o(.text) for strlen
    sensors.o(i.draw_sensors_box) refers to glcd_746g_discovery.o(i.GLCD_SetFont) for GLCD_SetFont
    sensors.o(i.draw_sensors_box) refers to glcd_746g_discovery.o(i.GLCD_SetForegroundColor) for GLCD_SetForegroundColor
    sensors.o(i.draw_sensors_box) refers to glcd_746g_discovery.o(i.GLCD_DrawHLine) for GLCD_DrawHLine
    sensors.o(i.draw_sensors_box) refers to glcd_746g_discovery.o(i.GLCD_SetBackgroundColor) for GLCD_SetBackgroundColor
    sensors.o(i.draw_sensors_box) refers to glcd_746g_discovery.o(i.GLCD_DrawString) for GLCD_DrawString
    sensors.o(i.draw_sensors_box) refers to printf1.o(i.__0sprintf$1) for __2sprintf
    sensors.o(i.draw_sensors_box) refers to sensors.o(.data) for sensor_names
    sensors.o(i.draw_sensors_box) refers to glcd_fonts.o(.constdata) for GLCD_Font_6x8
    sensors.o(i.draw_sensors_box) refers to sensors.o(.bss) for sensor_values
    sensors.o(i.handler) refers to dflti.o(.text) for __aeabi_i2d
    sensors.o(i.handler) refers to ddiv.o(.text) for __aeabi_ddiv
    sensors.o(i.handler) refers to dmul.o(.text) for __aeabi_dmul
    sensors.o(i.handler) refers to cdcmple.o(.text) for __aeabi_cdcmple
    sensors.o(i.handler) refers to pump.o(i.pump_start) for pump_start
    sensors.o(i.handler) refers to fan.o(i.fan_run) for fan_run
[...]
    rt_ms2tick                               0x08005789   Thumb Code    58  rt_cmsis.o(i.rt_ms2tick)
    i.rt_pop_req                             0x080057cc   Section        0  rt_system.o(i.rt_pop_req)
    i.rt_psh_req                             0x08005848   Section        0  rt_system.o(i.rt_psh_req)
    i.rt_psq_enq                             0x08005868   Section        0  rt_list.o(i.rt_psq_enq)
    i.rt_put_dly                             0x080058c4   Section        0  rt_list.o(i.rt_put_dly)
    i.rt_put_prio                            0x0800590c   Section        0  rt_list.o(i.rt_put_prio)
    i.rt_put_rdy_first                       0x08005944   Section        0  rt_list.o(i.rt_put_rdy_first)
    i.rt_resort_prio                         0x08005958   Section        0  rt_list.o(i.rt_resort_prio)
    i.rt_ret_regs                            0x0800598c   Section        0  hal_cm.o(i.rt_ret_regs)
    rt_ret_regs                              0x0800598d   Thumb Code    16  hal_cm.o(i.rt_ret_regs)
    i.rt_ret_val                             0x0800599c   Section        0  hal_cm.o(i.rt_ret_val)
    i.rt_ret_val2                            0x080059a8   Section        0  hal_cm.o(i.rt_ret_val2)
    i.rt_rmv_dly                             0x080059b8   Section        0  rt_list.o(i.rt_rmv_dly)
    i.rt_rmv_list                            0x080059e0   Section        0  rt_list.o(i.rt_rmv_list)
    i.rt_sem_psh                             0x08005a10   Section        0  rt_semaphore.o(i.rt_sem_psh)
    i.rt_stk_check                           0x08005a44   Section        0  rt_system.o(i.rt_stk_check)
    i.rt_switch_req                          0x08005a68   Section        0  rt_task.o(i.rt_switch_req)
    i.rt_sys_init                            0x08005a90   Section        0  rt_task.o(i.rt_sys_init)
    i.rt_sys_start                           0x08005b5c   Section        0  rt_task.o(i.rt_sys_start)
    i.rt_systick                             0x08005bd4   Section        0  rt_system.o(i.rt_systick)
    i.rt_tid2ptcb                            0x08005c14   Section        0  rt_cmsis.o(i.rt_tid2ptcb)
    rt_tid2ptcb                              0x08005c15   Thumb Code    18  rt_cmsis.o(i.rt_tid2ptcb)
    i.rt_timer_insert                        0x08005c28   Section        0  rt_cmsis.o(i.rt_timer_insert)
    rt_timer_insert                          0x08005c29   Thumb Code    48  rt_cmsis.o(i.rt_timer_insert)
    i.rt_tsk_create                          0x08005c5c   Section        0  rt_task.o(i.rt_tsk_create)
    i.rt_tsk_delete                          0x08005ce4   Section        0  rt_task.o(i.rt_tsk_delete)
    i.rt_tsk_prio                            0x08005e60   Section        0  rt_task.o(i.rt_tsk_prio)
    i.rt_tsk_self                            0x08005edc   Section        0  rt_task.o(i.rt_tsk_self)
    i.sensors                                0x08005eec   Section        0  sensors.o(i.sensors)
    i.settings                               0x08006018   Section        0  settings.o(i.settings)
    i.svcKernelInitialize                    0x0800610c   Section        0  rt_cmsis.o(i.svcKernelInitialize)
    i.svcKernelStart                         0x0800617c   Section        0  rt_cmsis.o(i.svcKernelStart)
    i.svcMessageCreate                       0x080061c4   Section        0  rt_cmsis.o(i.svcMessageCreate)
    i.svcMessageGet                          0x080061e8   Section        0  rt_cmsis.o(i.svcMessageGet)
    i.svcThreadCreate                        0x08006224   Section        0  rt_cmsis.o(i.svcThreadCreate)
    i.svcThreadGetId                         0x08006290   Section        0  rt_cmsis.o(i.svcThreadGetId)
    i.svcThreadTerminate                     0x080062ac   Section        0  rt_cmsis.o(i.svcThreadTerminate)
    i.svcTimerCall                           0x080062e4   Section        0  rt_cmsis.o(i.svcTimerCall)
    i.sysTimerTick                           0x080062fc   Section        0  rt_cmsis.o(i.sysTimerTick)
    i.test                                   0x08006358   Section        0  sensors.o(i.test)
    .constdata                               0x08006394   Section     6304  glcd_fonts.o(.constdata)
    Font_6x8_h                               0x08006394   Data         896  glcd_fonts.o(.constdata)
    Font_16x24_h                             0x08006714   Data        5376  glcd_fonts.o(.constdata)
    .constdata                               0x08007c34   Section      104  rtx_conf_cm.o(.constdata)
    __tagsym$$used                           0x08007c50   Number         0  rtx_conf_cm.o(.constdata)
    __tagsym$$used                           0x08007c54   Number         0  rtx_conf_cm.o(.constdata)
    __tagsym$$used                           0x08007c58   Number         0  rtx_conf_cm.o(.constdata)
    __tagsym$$used                           0x08007c5c   Number         0  rtx_conf_cm.o(.constdata)
    .constdata                               0x08007c9c   Section       24  eventrecorder.o(.constdata)
    __tagsym$$used                           0x08007c9c   Number         0  eventrecorder.o(.constdata)
    .constdata                               0x08007cb4   Section        8  stm32f7xx_hal_dma.o(.constdata)
    flagBitshiftOffset                       0x08007cb4   Data           8  stm32f7xx_hal_dma.o(.constdata)
    .constdata                               0x08007cbc   Section       24  system_stm32f7xx.o(.constdata)
    .conststrlit                             0x08007cd4   Section       38  sensors.o(.conststrlit)
    .data                                    0x20010000   Section        2  settings.o(.data)
    .data                                    0x20010004   Section       24  sensors.o(.data)
    .data                                    0x2001001c   Section       11  serial.o(.data)
    .data                                    0x20010028   Section       46  ft5336.o(.data)
    ft5336_handle                            0x20010050   Data           3  ft5336.o(.data)
    coord                                    0x20010054   Data           2  ft5336.o(.data)
    .data                                    0x20010056   Section        2  stm32746g_discovery_sdram.o(.data)
    sdramstatus                              0x20010056   Data           1  stm32746g_discovery_sdram.o(.data)
    sdramstatus                              0x20010057   Data           1  stm32746g_discovery_sdram.o(.data)
    .data                                    0x20010058   Section       10  stm32746g_discovery_ts.o(.data)
    tsDriver                                 0x20010058   Data           4  stm32746g_discovery_ts.o(.data)
    tsXBoundary                              0x2001005c   Data           2  stm32746g_discovery_ts.o(.data)
    tsYBoundary                              0x2001005e   Data           2  stm32746g_discovery_ts.o(.data)
    tsOrientation                            0x20010060   Data           1  stm32746g_discovery_ts.o(.data)
    I2cAddress                               0x20010061   Data           1  stm32746g_discovery_ts.o(.data)
    .data                                    0x20010064   Section        8  glcd_746g_discovery.o(.data)
    foreground_color                         0x20010064   Data           2  glcd_746g_discovery.o(.data)
    background_color                         0x20010066   Data           2  glcd_746g_discovery.o(.data)
    active_font                              0x20010068   Data           4  glcd_746g_discovery.o(.data)
    .data                                    0x2001006c   Section       16  rtx_conf_cm.o(.data)
    .data                                    0x2001007c   Section        9  stm32f7xx_hal.o(.data)
    .data                                    0x20010088   Section        4  system_stm32f7xx.o(.data)
    .data                                    0x2001008c   Section        8  rt_cmsis.o(.data)
    .data                                    0x20010094   Section        4  rt_time.o(.data)
    .data                                    0x20010098   Section        8  rt_task.o(.data)
    .data                                    0x200100a0   Section        8  rt_system.o(.data)
    os_lock                                  0x200100a0   Data           1  rt_system.o(.data)
    os_psh_flag                              0x200100a1   Data           1  rt_system.o(.data)
    pend_flags                               0x200100a2   Data           1  rt_system.o(.data)
    .data                                    0x200100a8   Section        1  hal_cm.o(.data)
    .data                                    0x200100ac   Section        8  rt_robin.o(.data)
    .bss                                     0x200100b4   Section       12  sensors.o(.bss)
    .bss                                     0x200100c0   Section       48  serial.o(.bss)
    .bss                                     0x200100f0   Section       24  pump.o(.bss)
    .bss                                     0x20010108   Section       92  fan.o(.bss)
    .bss                                     0x20010164   Section      152  stm32746g_discovery.o(.bss)
    hI2cAudioHandler                         0x20010164   Data          76  stm32746g_discovery.o(.bss)
    hI2cExtHandler                           0x200101b0   Data          76  stm32746g_discovery.o(.bss)
    .bss                                     0x200101fc   Section      288  stm32746g_discovery_sdram.o(.bss)
    Timing                                   0x20010230   Data          28  stm32746g_discovery_sdram.o(.bss)
    Command                                  0x2001024c   Data          16  stm32746g_discovery_sdram.o(.bss)
    dma_handle                               0x2001025c   Data          96  stm32746g_discovery_sdram.o(.bss)
    dma_handle                               0x200102bc   Data          96  stm32746g_discovery_sdram.o(.bss)
    .bss                                     0x2001031c   Section       40  stm32746g_discovery_ts.o(.bss)
    _x                                       0x2001031c   Data          20  stm32746g_discovery_ts.o(.bss)
    _y                                       0x20010330   Data          20  stm32746g_discovery_ts.o(.bss)
    .bss                                     0x20010344   Section      168  glcd_746g_discovery.o(.bss)
    LTDC_Handle                              0x20010344   Data         168  glcd_746g_discovery.o(.bss)
    .bss                                     0x200103f0   Section     2216  rtx_conf_cm.o(.bss)
    .bss                                     0x20010c98   Section       52  rt_task.o(.bss)
    .bss                                     0x20010ccc   Section       48  rt_list.o(.bss)
    .bss.noinit                              0x20010d00   Section     1188  eventrecorder.o(.bss.noinit)
    EventBuffer                              0x20010d00   Data        1024  eventrecorder.o(.bss.noinit)
    EventFilter                              0x20011100   Data         128  eventrecorder.o(.bss.noinit)
    EventStatus                              0x20011180   Data          36  eventrecorder.o(.bss.noinit)
    STACK                                    0x200111a8   Section     1024  startup_stm32f746xx.o(STACK)
    .ARM.__AT_0xC0000000                     0xc0000000   Section    261120  glcd_746g_discovery.o(.ARM.__AT_0xC0000000)
    frame_buf                                0xc0000000   Data       261120  glcd_746g_discovery.o(.ARM.__AT_0xC0000000)

    Global Symbols

    Symbol Name                              Value     Ov Type        Size  Object(Section)

    BuildAttributes$$THM_ISAv4$E$P$D$K$B$S$7EM$VFPi5$EXTD16$VFPS$VFMA$PE$PLD8$A:L22UL41UL21$X:L11$S22US41US21$IEEE1$IW$USESV6$~STKCKD$USESV7$~SHL$OSPACE$ROPI$EBA8$MICROLIB$REQ8$PRES8$EABIv2 0x00000000   Number         0  anon$$obj.o ABSOLUTE
    __ARM_use_no_argv                        0x00000000   Number         0  ui_elements.o ABSOLUTE
    _printf_a                                0x00000000   Number         0  stubs.o ABSOLUTE
    _printf_c                                0x00000000   Number         0  stubs.o ABSOLUTE
    _printf_charcount                        0x00000000   Number         0  stubs.o ABSOLUTE
    _printf_d                                0x00000000   Number         0  stubs.o ABSOLUTE
    _printf_e                                0x00000000   Number         0  stubs.o ABSOLUTE
    _printf_f                                0x00000000   Number         0  stubs.o ABSOLUTE
    _printf_flags                            0x00000000   Number         0  stubs.o ABSOLUTE
    _printf_fp_dec                           0x00000000   Number         0  stubs.o ABSOLUTE
    _printf_fp_hex                           0x00000000   Number         0  stubs.o ABSOLUTE
    _printf_g                                0x00000000   Number         0  stubs.o ABSOLUTE
    _printf_i                                0x00000000   Number         0  stubs.o ABSOLUTE
    _printf_int_dec                          0x00000000   Number         0  stubs.o ABSOLUTE
    _printf_l                                0x00000000   Number         0  stubs.o ABSOLUTE
    _printf_lc                               0x00000000   Number         0  stubs.o ABSOLUTE
    _printf_ll                               0x00000000   Number         0  stubs.o ABSOLUTE
    _printf_lld                              0x00000000   Number         0  stubs.o ABSOLUTE
    _printf_lli                              0x00000000   Number         0  stubs.o ABSOLUTE
    _printf_llo                              0x00000000   Number         0  stubs.o ABSOLUTE
    _printf_llu                              0x00000000   Number         0  stubs.o ABSOLUTE
    _printf_llx                              0x00000000   Number         0  stubs.o ABSOLUTE
    _printf_longlong_dec                     0x00000000   Number         0  stubs.o ABSOLUTE
    _printf_longlong_hex                     0x00000000   Number         0  stubs.o ABSOLUTE
    _printf_longlong_oct                     0x00000000   Number         0  stubs.o ABSOLUTE
    _printf_ls                               0x00000000   Number         0  stubs.o ABSOLUTE
    _printf_mbtowc                           0x00000000   Number         0  stubs.o ABSOLUTE
    _printf_n                                0x00000000   Number         0  stubs.o ABSOLUTE
    _printf_o                                0x00000000   Number         0  stubs.o ABSOLUTE
    _printf_p                                0x00000000   Number         0  stubs.o ABSOLUTE
    _printf_percent                          0x00000000   Number         0  stubs.o ABSOLUTE
    _printf_pre_padding                      0x00000000   Number         0  stubs.o ABSOLUTE
    _printf_return_value                     0x00000000   Number         0  stubs.o ABSOLUTE
    _printf_s                                0x00000000   Number         0  stubs.o ABSOLUTE
    _printf_sizespec                         0x00000000   Number         0  stubs.o ABSOLUTE
    _printf_str                              0x00000000   Number         0  stubs.o ABSOLUTE
    _printf_truncate_signed                  0x00000000   Number         0  stubs.o ABSOLUTE
    _printf_truncate_unsigned                0x00000000   Number         0  stubs.o ABSOLUTE
    _printf_u                                0x00000000   Number         0  stubs.o ABSOLUTE
    _printf_wc                               0x00000000   Number         0  stubs.o ABSOLUTE
    _printf_wctomb                           0x00000000   Number         0  stubs.o ABSOLUTE
    _printf_widthprec                        0x00000000   Number         0  stubs.o ABSOLUTE
    _printf_x                                0x00000000   Number         0  stubs.o ABSOLUTE
    __cpp_initialize__aeabi_                  - Undefined Weak Reference
    __cxa_finalize                            - Undefined Weak Reference
    __decompress                              - Undefined Weak Reference
    _clock_init                               - Undefined Weak Reference
    _microlib_exit                            - Undefined Weak Reference
    __Vectors_Size                           0x000001c8   Number         0  startup_stm32f746xx.o ABSOLUTE
    __RL_RTX_VER                             0x00000482   Number         0  rt_system.o ABSOLUTE
    __Vectors                                0x08000000   Data           4  startup_stm32f746xx.o(RESET)
    __Vectors_End                            0x080001c8   Data           0  startup_stm32f746xx.o(RESET)
    __main                                   0x080001c9   Thumb Code     0  entry.o(.ARM.Collect$$$$00000000)
    _main_stk                                0x080001c9   Thumb Code     0  entry2.o(.ARM.Collect$$$$00000001)
    _main_scatterload                        0x080001cd   Thumb Code     0  entry5.o(.ARM.Collect$$$$00000004)
    __main_after_scatterload                 0x080001d1   Thumb Code     0  entry5.o(.ARM.Collect$$$$00000004)
    __rt_final_cpp                           0x080001d1   Thumb Code     0  entry10a.o(.ARM.Collect$$$$0000000D)
    __rt_final_exit                          0x080001d1   Thumb Code     0  entry11a.o(.ARM.Collect$$$$0000000F)
    _main_clock                              0x080001d1   Thumb Code     0  entry7b.o(.ARM.Collect$$$$00000008)
    _main_cpp_init                           0x080001d1   Thumb Code     0  entry8b.o(.ARM.Collect$$$$0000000A)
    _main_init                               0x080001d1   Thumb Code    18  rtx_conf_cm.o(.ARM.Collect$$$$000000FF)
    rt_set_PSP                               0x080001ed   Thumb Code     6  hal_cm4.o(.emb_text)
    rt_get_PSP                               0x080001f3   Thumb Code     6  hal_cm4.o(.emb_text)
    os_set_env                               0x080001f9   Thumb Code    24  hal_cm4.o(.emb_text)
    _alloc_box                               0x08000215   Thumb Code    28  hal_cm4.o(.emb_text)
    _free_box                                0x08000235   Thumb Code    28  hal_cm4.o(.emb_text)
    SVC_Handler                              0x08000255   Thumb Code   168  hal_cm4.o(.emb_text)
    PendSV_Handler                           0x0800030d   Thumb Code    96  hal_cm4.o(.emb_text)
    SysTick_Handler                          0x08000371   Thumb Code     8  hal_cm4.o(.emb_text)
    OS_Tick_Handler                          0x08000379   Thumb Code    12  hal_cm4.o(.emb_text)
    Reset_Handler                            0x08000385   Thumb Code     8  startup_stm32f746xx.o(.text)
    NMI_Handler                              0x0800038d   Thumb Code     2  startup_stm32f746xx.o(.text)
    HardFault_Handler                        0x0800038f   Thumb Code     2  startup_stm32f746xx.o(.text)
    MemManage_Handler                        0x08000391   Thumb Code     2  startup_stm32f746xx.o(.text)
    BusFault_Handler                         0x08000393   Thumb Code     2  startup_stm32f746xx.o(.text)
    UsageFault_Handler                       0x08000395   Thumb Code     2  startup_stm32f746xx.o(.text)
    DebugMon_Handler                         0x08000399   Thumb Code     2  startup_stm32f746xx.o(.text)
    ADC_IRQHandler                           0x0800039f   Thumb Code     0  startup_stm32f746xx.o(.text)
    CAN1_RX0_IRQHandler                      0x0800039f   Thumb Code     0  startup_stm32f746xx.o(.text)
    CAN1_RX1_IRQHandler                      0x0800039f   Thumb Code     0  startup_stm32f746xx.o(.text)
    CAN1_SCE_IRQHandler                      0x0800039f   Thumb Code     0  startup_stm32f746xx.o(.text)
    CAN1_TX_IRQHandler                       0x0800039f   Thumb Code     0  startup_stm32f746xx.o(.text)
    CAN2_RX0_IRQHandler                      0x0800039f   Thumb Code     0  startup_stm32f746xx.o(.text)
    CAN2_RX1_IRQHandler                      0x0800039f   Thumb Code     0  startup_stm32f746xx.o(.text)
    CAN2_SCE_IRQHandler                      0x0800039f   Thumb Code     0  startup_stm32f746xx.o(.text)
    CAN2_TX_IRQHandler                       0x0800039f   Thumb Code     0  startup_stm32f746xx.o(.text)
    CEC_IRQHandler                           0x0800039f   Thumb Code     0  startup_stm32f746xx.o(.text)
    DCMI_IRQHandler                          0x0800039f   Thumb Code     0  startup_stm32f746xx.o(.text)
    DMA1_Stream0_IRQHandler                  0x0800039f   Thumb Code     0  startup_stm32f746xx.o(.text)
    DMA1_Stream1_IRQHandler                  0x0800039f   Thumb Code     0  startup_stm32f746xx.o(.text)
    DMA1_Stream2_IRQHandler                  0x0800039f   Thumb Code     0  startup_stm32f746xx.o(.text)
    DMA1_Stream3_IRQHandler                  0x0800039f   Thumb Code     0  startup_stm32f746xx.o(.text)
    DMA1_Stream4_IRQHandler                  0x0800039f   Thumb Code     0  startup_stm32f746xx.o(.text)
    DMA1_Stream5_IRQHandler                  0x0800039f   Thumb Code     0  startup_stm32f746xx.o(.text)
    DMA1_Stream6_IRQHandler                  0x0800039f   Thumb Code     0  startup_stm32f746xx.o(.text)
    DMA1_Stream7_IRQHandler                  0x0800039f   Thumb Code     0  startup_stm32f746xx.o(.text)
    DMA2D_IRQHandler                         0x0800039f   Thumb Code     0  startup_stm32f746xx.o(.text)
    DMA2_Stream0_IRQHandler                  0x0800039f   Thumb Code     0  startup_stm32f746xx.o(.text)
    DMA2_Stream1_IRQHandler                  0x0800039f   Thumb Code     0  startup_stm32f746xx.o(.text)
    DMA2_Stream2_IRQHandler                  0x0800039f   Thumb Code     0  startup_stm32f746xx.o(.text)
    DMA2_Stream3_IRQHandler                  0x0800039f   Thumb Code     0  startup_stm32f746xx.o(.text)
    DMA2_Stream4_IRQHandler                  0x0800039f   Thumb Code     0  startup_stm32f746xx.o(.text)
    DMA2_Stream5_IRQHandler                  0x0800039f   Thumb Code     0  startup_stm32f746xx.o(.text)
    DMA2_Stream6_IRQHandler                  0x0800039f   Thumb Code     0  startup_stm32f746xx.o(.text)
    DMA2_Stream7_IRQHandler                  0x0800039f   Thumb Code     0  startup_stm32f746xx.o(.text)
    ETH_IRQHandler                           0x0800039f   Thumb Code     0  startup_stm32f746xx.o(.text)
    ETH_WKUP_IRQHandler                      0x0800039f   Thumb Code     0  startup_stm32f746xx.o(.text)
    EXTI0_IRQHandler                         0x0800039f   Thumb Code     0  startup_stm32f746xx.o(.text)
    EXTI15_10_IRQHandler                     0x0800039f   Thumb Code     0  startup_stm32f746xx.o(.text)
    EXTI1_IRQHandler                         0x0800039f   Thumb Code     0  startup_stm32f746xx.o(.text)
    EXTI2_IRQHandler                         0x0800039f   Thumb Code     0  startup_stm32f746xx.o(.text)
    EXTI3_IRQHandler                         0x0800039f   Thumb Code     0  startup_stm32f746xx.o(.text)
    EXTI4_IRQHandler                         0x0800039f   Thumb Code     0  startup_stm32f746xx.o(.text)
    FLASH_IRQHandler                         0x0800039f   Thumb Code     0  startup_stm32f746xx.o(.text)
    FMC_IRQHandler                           0x0800039f   Thumb Code     0  startup_stm32f746xx.o(.text)
    FPU_IRQHandler                           0x0800039f   Thumb Code     0  startup_stm32f746xx.o(.text)
    I2C1_ER_IRQHandler                       0x0800039f   Thumb Code     0  startup_stm32f746xx.o(.text)
    I2C1_EV_IRQHandler                       0x0800039f   Thumb Code     0  startup_stm32f746xx.o(.text)
    I2C2_ER_IRQHandler                       0x0800039f   Thumb Code     0  startup_stm32f746xx.o(.text)
    I2C2_EV_IRQHandler                       0x0800039f   Thumb Code     0  startup_stm32f746xx.o(.text)
    I2C3_ER_IRQHandler                       0x0800039f   Thumb Code     0  startup_stm32f746xx.o(.text)
    I2C3_EV_IRQHandler                       0x0800039f   Thumb Code     0  startup_stm32f746xx.o(.text)
    I2C4_ER_IRQHandler                       0x0800039f   Thumb Code     0  startup_stm32f746xx.o(.text)
    I2C4_EV_IRQHandler                       0x0800039f   Thumb Code     0  startup_stm32f746xx.o(.text)
    LPTIM1_IRQHandler                        0x0800039f   Thumb Code     0  startup_stm32f746xx.o(.text)
    LTDC_ER_IRQHandler                       0x0800039f   Thumb Code     0  startup_stm32f746xx.o(.text)
    LTDC_IRQHandler                          0x0800039f   Thumb Code     0  startup_stm32f746xx.o(.text)
    OTG_FS_IRQHandler                        0x0800039f   Thumb Code     0  startup_stm32f746xx.o(.text)
    OTG_FS_WKUP_IRQHandler                   0x0800039f   Thumb Code     0  startup_stm32f746xx.o(.text)
    OTG_HS_EP1_IN_IRQHandler                 0x0800039f   Thumb Code     0  startup_stm32f746xx.o(.text)
    OTG_HS_EP1_OUT_IRQHandler                0x0800039f   Thumb Code     0  startup_stm32f746xx.o(.text)
    OTG_HS_IRQHandler                        0x0800039f   Thumb Code     0  startup_stm32f746xx.o(.text)
    OTG_HS_WKUP_IRQHandler                   0x0800039f   Thumb Code     0  startup_stm32f746xx.o(.text)
    PVD_IRQHandler                           0x0800039f   Thumb Code     0  startup_stm32f746xx.o(.text)
    QUADSPI_IRQHandler                       0x0800039f   Thumb Code     0  startup_stm32f746xx.o(.text)
    RCC_IRQHandler                           0x0800039f   Thumb Code     0  startup_stm32f746xx.o(.text)
    RNG_IRQHandler                           0x0800039f   Thumb Code     0  startup_stm32f746xx.o(.text)
    RTC_Alarm_IRQHandler                     0x0800039f   Thumb Code     0  startup_stm32f746xx.o(.text)
    RTC_WKUP_IRQHandler                      0x0800039f   Thumb Code     0  startup_stm32f746xx.o(.text)
    SAI1_IRQHandler                          0x0800039f   Thumb Code     0  startup_stm32f746xx.o(.text)
    SAI2_IRQHandler                          0x0800039f   Thumb Code     0  startup_stm32f746xx.o(.text)
    SDMMC1_IRQHandler                        0x0800039f   Thumb Code     0  startup_stm32f746xx.o(.text)
    SPDIF_RX_IRQHandler                      0x0800039f   Thumb Code     0  startup_stm32f746xx.o(.text)
    SPI1_IRQHandler                          0x0800039f   Thumb Code     0  startup_stm32f746xx.o(.text)
    SPI2_IRQHandler                          0x0800039f   Thumb Code     0  startup_stm32f746xx.o(.text)
    SPI3_IRQHandler                          0x0800039f   Thumb Code     0  startup_stm32f746xx.o(.text)
    SPI4_IRQHandler                          0x0800039f   Thumb Code     0  startup_stm32f746xx.o(.text)
    SPI5_IRQHandler                          0x0800039f   Thumb Code     0  startup_stm32f746xx.o(.text)
    SPI6_IRQHandler                          0x0800039f   Thumb Code     0  startup_stm32f746xx.o(.text)
    TAMP_STAMP_IRQHandler                    0x0800039f   Thumb Code     0  startup_stm32f746xx.o(.text)
    TIM1_BRK_TIM9_IRQHandler                 0x0800039f   Thumb Code     0  startup_stm32f746xx.o(.text)
    TIM1_CC_IRQHandler                       0x0800039f   Thumb Code     0  startup_stm32f746xx.o(.text)
    TIM1_TRG_COM_TIM11_IRQHandler            0x0800039f   Thumb Code     0  startup_stm32f746xx.o(.text)
    TIM1_UP_TIM10_IRQHandler                 0x0800039f   Thumb Code     0  startup_stm32f746xx.o(.text)
    TIM2_IRQHandler                          0x0800039f   Thumb Code     0  startup_stm32f746xx.o(.text)
    TIM3_IRQHandler                          0x0800039f   Thumb Code     0  startup_stm32f746xx.o(.text)
    TIM4_IRQHandler                          0x0800039f   Thumb Code     0  startup_stm32f746xx.o(.text)
    TIM5_IRQHandler                          0x0800039f   Thumb Code     0  startup_stm32f746xx.o(.text)
    TIM6_DAC_IRQHandler                      0x0800039f   Thumb Code     0  startup_stm32f746xx.o(.text)
    TIM7_IRQHandler                          0x0800039f   Thumb Code     0  startup_stm32f746xx.o(.text)
    TIM8_BRK_TIM12_IRQHandler                0x0800039f   Thumb Code     0  startup_stm32f746xx.o(.text)
    TIM8_CC_IRQHandler                       0x0800039f   Thumb Code     0  startup_stm32f746xx.o(.text)
    TIM8_TRG_COM_TIM14_IRQHandler            0x0800039f   Thumb Code     0  startup_stm32f746xx.o(.text)
    TIM8_UP_TIM13_IRQHandler                 0x0800039f   Thumb Code     0  startup_stm32f746xx.o(.text)
    UART4_IRQHandler                         0x0800039f   Thumb Code     0  startup_stm32f746xx.o(.text)
    UART5_IRQHandler                         0x0800039f   Thumb Code     0  startup_stm32f746xx.o(.text)
    UART7_IRQHandler                         0x0800039f   Thumb Code     0  startup_stm32f746xx.o(.text)
    UART8_IRQHandler                         0x0800039f   Thumb Code     0  startup_stm32f746xx.o(.text)
    USART1_IRQHandler                        0x0800039f   Thumb Code     0  startup_stm32f746xx.o(.text)
    USART2_IRQHandler                        0x0800039f   Thumb Code     0  startup_stm32f746xx.o(.text)
    USART3_IRQHandler                        0x0800039f   Thumb Code     0  startup_stm32f746xx.o(.text)
    USART6_IRQHandler                        0x0800039f   Thumb Code     0  startup_stm32f746xx.o(.text)
    WWDG_IRQHandler                          0x0800039f   Thumb Code     0  startup_stm32f746xx.o(.text)
    __aeabi_uldivmod                         0x080003a9   Thumb Code    98  uldiv.o(.text)
    __aeabi_memcpy                           0x0800040b   Thumb Code    36  memcpya.o(.text)
    __aeabi_memcpy4                          0x0800040b   Thumb Code     0  memcpya.o(.text)
    __aeabi_memcpy8                          0x0800040b   Thumb Code     0  memcpya.o(.text)
    strlen                                   0x0800042f   Thumb Code    14  strlen.o(.text)
    __aeabi_dmul                             0x0800043d   Thumb Code   228  dmul.o(.text)
    __aeabi_ddiv                             0x08000521   Thumb Code   222  ddiv.o(.text)
    __aeabi_i2d                              0x080005ff   Thumb Code    34  dflti.o(.text)
    __aeabi_cdcmpeq                          0x08000621   Thumb Code     0  cdcmple.o(.text)
    __aeabi_cdcmple                          0x08000621   Thumb Code    48  cdcmple.o(.text)
    __aeabi_uidiv                            0x08000651   Thumb Code     0  uidiv.o(.text)
    __aeabi_uidivmod                         0x08000651   Thumb Code    44  uidiv.o(.text)
    __aeabi_llsl                             0x0800067d   Thumb Code    30  llshl.o(.text)
    _ll_shift_l                              0x0800067d   Thumb Code     0  llshl.o(.text)
    __aeabi_llsr                             0x0800069b   Thumb Code    32  llushr.o(.text)
    _ll_ushift_r                             0x0800069b   Thumb Code     0  llushr.o(.text)
    __I$use$fp                               0x080006bb   Thumb Code     0  iusefp.o(.text)
    _double_round                            0x080006bb   Thumb Code    30  depilogue.o(.text)
    _double_epilogue                         0x080006d9   Thumb Code   156  depilogue.o(.text)
    __scatterload                            0x08000775   Thumb Code    28  init.o(.text)
    __scatterload_rt2                        0x08000775   Thumb Code     0  init.o(.text)
    SVC_Count                                0x08000798   Data           4  svc_table.o(SVC_TABLE)
    BSP_SDRAM_Init                           0x0800079d   Thumb Code   122  stm32746g_discovery_sdram.o(i.BSP_SDRAM_Init)
    SVC_Table                                0x0800079c   Data           0  svc_table.o(SVC_TABLE)
    BSP_SDRAM_Initialization_sequence        0x08000829   Thumb Code   142  stm32746g_discovery_sdram.o(i.BSP_SDRAM_Initialization_sequence)
    BSP_SDRAM_MspInit                        0x080008c1   Thumb Code   418  stm32746g_discovery_sdram.o(i.BSP_SDRAM_MspInit)
    BSP_TS_GetState                          0x08000a89   Thumb Code   526  stm32746g_discovery_ts.o(i.BSP_TS_GetState)
    BSP_TS_Get_GestureId                     0x08000cb5   Thumb Code   106  stm32746g_discovery_ts.o(i.BSP_TS_Get_GestureId)
    BSP_TS_Init                              0x08000d25   Thumb Code    74  stm32746g_discovery_ts.o(i.BSP_TS_Init)
    DWT_Delay                                0x08000e69   Thumb Code    34  dwt_delay.o(i.DWT_Delay)
    DWT_Init                                 0x08000e99   Thumb Code    40  dwt_delay.o(i.DWT_Init)
    EXTI9_5_IRQHandler                       0x08000ec9   Thumb Code   108  serial.o(i.EXTI9_5_IRQHandler)
    FMC_SDRAM_Init                           0x08000f45   Thumb Code   116  stm32f7xx_ll_fmc.o(i.FMC_SDRAM_Init)
    FMC_SDRAM_ProgramRefreshRate             0x08000fb9   Thumb Code    14  stm32f7xx_ll_fmc.o(i.FMC_SDRAM_ProgramRefreshRate)
    FMC_SDRAM_SendCommand                    0x08000fc7   Thumb Code    38  stm32f7xx_ll_fmc.o(i.FMC_SDRAM_SendCommand)
    FMC_SDRAM_Timing_Init                    0x08000fed   Thumb Code   152  stm32f7xx_ll_fmc.o(i.FMC_SDRAM_Timing_Init)
    GLCD_ClearScreen                         0x08001089   Thumb Code    26  glcd_746g_discovery.o(i.GLCD_ClearScreen)
    GLCD_DrawChar                            0x080010ad   Thumb Code   198  glcd_746g_discovery.o(i.GLCD_DrawChar)
    GLCD_DrawHLine                           0x08001185   Thumb Code    36  glcd_746g_discovery.o(i.GLCD_DrawHLine)
    GLCD_DrawString                          0x080011b1   Thumb Code    38  glcd_746g_discovery.o(i.GLCD_DrawString)
    GLCD_DrawVLine                           0x080011dd   Thumb Code    38  glcd_746g_discovery.o(i.GLCD_DrawVLine)
    GLCD_Initialize                          0x0800120d   Thumb Code   502  glcd_746g_discovery.o(i.GLCD_Initialize)
    GLCD_SetBackgroundColor                  0x08001425   Thumb Code    10  glcd_746g_discovery.o(i.GLCD_SetBackgroundColor)
    GLCD_SetFont                             0x08001435   Thumb Code    10  glcd_746g_discovery.o(i.GLCD_SetFont)
    GLCD_SetForegroundColor                  0x08001445   Thumb Code    10  glcd_746g_discovery.o(i.GLCD_SetForegroundColor)
    HAL_DMA_DeInit                           0x08001455   Thumb Code   110  stm32f7xx_hal_dma.o(i.HAL_DMA_DeInit)
    HAL_DMA_Init                             0x080014c5   Thumb Code   232  stm32f7xx_hal_dma.o(i.HAL_DMA_Init)
    HAL_Delay                                0x080015b1   Thumb Code    36  stm32f7xx_hal.o(i.HAL_Delay)
    HAL_GPIO_EXTI_Callback                   0x080015d9   Thumb Code     2  stm32f7xx_hal_gpio.o(i.HAL_GPIO_EXTI_Callback)
    HAL_GPIO_EXTI_IRQHandler                 0x080015dd   Thumb Code    24  stm32f7xx_hal_gpio.o(i.HAL_GPIO_EXTI_IRQHandler)
    HAL_GPIO_Init                            0x080015f9   Thumb Code   484  stm32f7xx_hal_gpio.o(i.HAL_GPIO_Init)
    HAL_GPIO_ReadPin                         0x08001811   Thumb Code    16  stm32f7xx_hal_gpio.o(i.HAL_GPIO_ReadPin)
    HAL_GPIO_WritePin                        0x08001821   Thumb Code    12  stm32f7xx_hal_gpio.o(i.HAL_GPIO_WritePin)
    HAL_GetTick                              0x0800182d   Thumb Code     6  systemclock.o(i.HAL_GetTick)
    HAL_I2C_DeInit                           0x08001839   Thumb Code    60  stm32f7xx_hal_i2c.o(i.HAL_I2C_DeInit)
    HAL_I2C_GetState                         0x08001875   Thumb Code     8  stm32f7xx_hal_i2c.o(i.HAL_I2C_GetState)
    HAL_I2C_Init                             0x0800187d   Thumb Code   192  stm32f7xx_hal_i2c.o(i.HAL_I2C_Init)
    HAL_I2C_Mem_Read                         0x08001941   Thumb Code   408  stm32f7xx_hal_i2c.o(i.HAL_I2C_Mem_Read)
    HAL_I2C_Mem_Write                        0x08001ae1   Thumb Code   402  stm32f7xx_hal_i2c.o(i.HAL_I2C_Mem_Write)
    HAL_I2C_MspDeInit                        0x08001c79   Thumb Code     2  stm32f7xx_hal_i2c.o(i.HAL_I2C_MspDeInit)
    HAL_I2C_MspInit                          0x08001c7b   Thumb Code     2  stm32f7xx_hal_i2c.o(i.HAL_I2C_MspInit)
    HAL_Init                                 0x08001c7d   Thumb Code    44  stm32f7xx_hal.o(i.HAL_Init)
    HAL_InitTick                             0x08001cad   Thumb Code    64  stm32f7xx_hal.o(i.HAL_InitTick)
    HAL_LTDC_ConfigLayer                     0x08001cf9   Thumb Code    94  stm32f7xx_hal_ltdc.o(i.HAL_LTDC_ConfigLayer)
    HAL_LTDC_Init                            0x08001d59   Thumb Code   274  stm32f7xx_hal_ltdc.o(i.HAL_LTDC_Init)
    HAL_LTDC_MspInit                         0x08001e71   Thumb Code     2  stm32f7xx_hal_ltdc.o(i.HAL_LTDC_MspInit)
    HAL_MspInit                              0x08001e73   Thumb Code     2  stm32f7xx_hal.o(i.HAL_MspInit)
    HAL_NVIC_DisableIRQ                      0x08001e75   Thumb Code    38  stm32f7xx_hal_cortex.o(i.HAL_NVIC_DisableIRQ)
    HAL_NVIC_EnableIRQ                       0x08001ea1   Thumb Code    40  stm32f7xx_hal_cortex.o(i.HAL_NVIC_EnableIRQ)
    HAL_NVIC_SetPriority                     0x08001ec9   Thumb Code   124  stm32f7xx_hal_cortex.o(i.HAL_NVIC_SetPriority)
    HAL_NVIC_SetPriorityGrouping             0x08001f45   Thumb Code    32  stm32f7xx_hal_cortex.o(i.HAL_NVIC_SetPriorityGrouping)
    HAL_RCCEx_PeriphCLKConfig                0x08001f6d   Thumb Code  1756  stm32f7xx_hal_rcc_ex.o(i.HAL_RCCEx_PeriphCLKConfig)
    HAL_RCC_ClockConfig                      0x0800264d   Thumb Code   384  stm32f7xx_hal_rcc.o(i.HAL_RCC_ClockConfig)
    HAL_RCC_GetSysClockFreq                  0x080027e1   Thumb Code   162  stm32f7xx_hal_rcc.o(i.HAL_RCC_GetSysClockFreq)
    HAL_RCC_OscConfig                        0x08002891   Thumb Code  1278  stm32f7xx_hal_rcc.o(i.HAL_RCC_OscConfig)
    HAL_SDRAM_Init                           0x08002d95   Thumb Code    64  stm32f7xx_hal_sdram.o(i.HAL_SDRAM_Init)
    HAL_SDRAM_MspInit                        0x08002dd5   Thumb Code     2  stm32f7xx_hal_sdram.o(i.HAL_SDRAM_MspInit)
    HAL_SDRAM_ProgramRefreshRate             0x08002dd7   Thumb Code    40  stm32f7xx_hal_sdram.o(i.HAL_SDRAM_ProgramRefreshRate)
    HAL_SDRAM_SendCommand                    0x08002dff   Thumb Code    58  stm32f7xx_hal_sdram.o(i.HAL_SDRAM_SendCommand)
    HAL_SYSTICK_Config                       0x08002e39   Thumb Code    52  stm32f7xx_hal_cortex.o(i.HAL_SYSTICK_Config)
    HAL_TIM_Base_Init                        0x08002e6d   Thumb Code    52  stm32f7xx_hal_tim.o(i.HAL_TIM_Base_Init)
    HAL_TIM_Base_MspInit                     0x08002ea1   Thumb Code     2  stm32f7xx_hal_tim.o(i.HAL_TIM_Base_MspInit)
    HAL_TIM_ConfigClockSource                0x08002ea5   Thumb Code   264  stm32f7xx_hal_tim.o(i.HAL_TIM_ConfigClockSource)
    HAL_TIM_PWM_ConfigChannel                0x08002fb1   Thumb Code   372  stm32f7xx_hal_tim.o(i.HAL_TIM_PWM_ConfigChannel)
    HAL_TIM_PWM_Init                         0x08003125   Thumb Code    52  stm32f7xx_hal_tim.o(i.HAL_TIM_PWM_Init)
    HAL_TIM_PWM_MspInit                      0x08003159   Thumb Code     2  stm32f7xx_hal_tim.o(i.HAL_TIM_PWM_MspInit)
    HAL_TIM_PWM_Start                        0x0800315d   Thumb Code    88  stm32f7xx_hal_tim.o(i.HAL_TIM_PWM_Start)
    PA15_Init                                0x08003909   Thumb Code    66  fan.o(i.PA15_Init)
    SER_Init                                 0x08003955   Thumb Code   126  serial.o(i.SER_Init)
    SystemClock_Config                       0x080039e9   Thumb Code   136  systemclock.o(i.SystemClock_Config)
    SystemInit                               0x08003a79   Thumb Code    24  system_stm32f7xx.o(i.SystemInit)
    TIM_Base_SetConfig                       0x08003af5   Thumb Code   170  stm32f7xx_hal_tim.o(i.TIM_Base_SetConfig)
    TIM_CCxChannelCmd                        0x08003bcd   Thumb Code    34  stm32f7xx_hal_tim.o(i.TIM_CCxChannelCmd)
    TIM_ETR_SetConfig                        0x08003bef   Thumb Code    22  stm32f7xx_hal_tim.o(i.TIM_ETR_SetConfig)
    TIM_OC2_SetConfig                        0x08003c8d   Thumb Code   114  stm32f7xx_hal_tim.o(i.TIM_OC2_SetConfig)
    TS_IO_Delay                              0x08003ed3   Thumb Code    12  stm32746g_discovery.o(i.TS_IO_Delay)
    TS_IO_Init                               0x08003ee1   Thumb Code    10  stm32746g_discovery.o(i.TS_IO_Init)
    TS_IO_Read                               0x08003ef1   Thumb Code    36  stm32746g_discovery.o(i.TS_IO_Read)
    TS_IO_Write                              0x08003f19   Thumb Code    32  stm32746g_discovery.o(i.TS_IO_Write)
    Touch_GetState                           0x08003f3d   Thumb Code    60  touch_746g_discovery.o(i.Touch_GetState)
    Touch_Initialize                         0x08003f79   Thumb Code    28  touch_746g_discovery.o(i.Touch_Initialize)
    __0sprintf$1                             0x08003f95   Thumb Code    34  printf1.o(i.__0sprintf$1)
    __1sprintf$1                             0x08003f95   Thumb Code     0  printf1.o(i.__0sprintf$1)
    __2sprintf                               0x08003f95   Thumb Code     0  printf1.o(i.__0sprintf$1)
    __scatterload_copy                       0x08003ff5   Thumb Code    14  handlers.o(i.__scatterload_copy)
    __scatterload_null                       0x08004003   Thumb Code     2  handlers.o(i.__scatterload_null)
    __scatterload_zeroinit                   0x08004005   Thumb Code    14  handlers.o(i.__scatterload_zeroinit)
    _init_box                                0x08004013   Thumb Code    70  rt_membox.o(i._init_box)
    dbg_init                                 0x08004319   Thumb Code    34  hal_cm.o(i.dbg_init)
    dbg_task_notify                          0x08004349   Thumb Code    32  hal_cm.o(i.dbg_task_notify)
    dbg_task_switch                          0x08004369   Thumb Code    16  hal_cm.o(i.dbg_task_switch)
    draw_flat_background                     0x08004379   Thumb Code    62  ui_elements.o(i.draw_flat_background)
    draw_info                                0x080043b9   Thumb Code   166  info.o(i.draw_info)
    draw_sensors                             0x08004519   Thumb Code    54  sensors.o(i.draw_sensors)
    draw_sensors_box                         0x08004571   Thumb Code   256  sensors.o(i.draw_sensors_box)
    draw_settings                            0x08004691   Thumb Code   162  settings.o(i.draw_settings)
    draw_string_box                          0x08004765   Thumb Code   126  ui_elements.o(i.draw_string_box)
    draw_top_bar                             0x080047e5   Thumb Code   100  ui_elements.o(i.draw_top_bar)
    fan_init                                 0x08004869   Thumb Code    56  fan.o(i.fan_init)
    fan_run                                  0x080048a9   Thumb Code     8  fan.o(i.fan_run)
    ft5336_Init                              0x080048d9   Thumb Code    16  ft5336.o(i.ft5336_Init)
    ft5336_ReadID                            0x080048e9   Thumb Code    58  ft5336.o(i.ft5336_ReadID)
    ft5336_Reset                             0x08004923   Thumb Code     2  ft5336.o(i.ft5336_Reset)
    ft5336_TS_ClearIT                        0x08004925   Thumb Code     2  ft5336.o(i.ft5336_TS_ClearIT)
    ft5336_TS_DetectTouch                    0x0800492d   Thumb Code    58  ft5336.o(i.ft5336_TS_DetectTouch)
    ft5336_TS_DisableIT                      0x0800496d   Thumb Code    20  ft5336.o(i.ft5336_TS_DisableIT)
    ft5336_TS_EnableIT                       0x08004981   Thumb Code    20  ft5336.o(i.ft5336_TS_EnableIT)
    ft5336_TS_GetGestureID                   0x08004995   Thumb Code    28  ft5336.o(i.ft5336_TS_GetGestureID)
    ft5336_TS_GetTouchInfo                   0x080049b1   Thumb Code   258  ft5336.o(i.ft5336_TS_GetTouchInfo)
    ft5336_TS_GetXY                          0x08004ab9   Thumb Code   346  ft5336.o(i.ft5336_TS_GetXY)
    ft5336_TS_ITStatus                       0x08004c1d   Thumb Code     6  ft5336.o(i.ft5336_TS_ITStatus)
    ft5336_TS_Start                          0x08004c23   Thumb Code    22  ft5336.o(i.ft5336_TS_Start)
    handler                                  0x08004c39   Thumb Code   624  sensors.o(i.handler)
    info                                     0x08004ef5   Thumb Code   126  info.o(i.info)
    isrMessageGet                            0x08004f73   Thumb Code    42  rt_cmsis.o(i.isrMessageGet)
    isrMessagePut                            0x08004f9d   Thumb Code    44  rt_cmsis.o(i.isrMessagePut)
    isr_mbx_receive                          0x08004fc9   Thumb Code    86  rt_mailbox.o(i.isr_mbx_receive)
    isr_mbx_send                             0x0800501f   Thumb Code    14  rt_mailbox.o(i.isr_mbx_send)
    main                                     0x0800502d   Thumb Code    30  ui_elements.o(i.main)
    osKernelInitialize                       0x0800504d   Thumb Code    30  rt_cmsis.o(i.osKernelInitialize)
    osKernelStart                            0x08005071   Thumb Code    98  rt_cmsis.o(i.osKernelStart)
    osMessageGet                             0x080050dd   Thumb Code    18  rt_cmsis.o(i.osMessageGet)
    osThreadCreate                           0x080050f5   Thumb Code    36  rt_cmsis.o(i.osThreadCreate)
    osThreadExit                             0x08005121   Thumb Code    14  rt_cmsis.o(i.osThreadExit)
    osTimerCall                              0x08005139   Thumb Code     8  rt_cmsis.o(i.osTimerCall)
    osTimerThread                            0x08005145   Thumb Code    38  rt_cmsis.o(i.osTimerThread)
    os_error                                 0x08005171   Thumb Code    34  rtx_conf_cm.o(i.os_error)
    os_idle_demon                            0x08005193   Thumb Code     4  rtx_conf_cm.o(i.os_idle_demon)
    os_tick_init                             0x08005199   Thumb Code    32  rt_system.o(i.os_tick_init)
    os_tick_irqack                           0x080051c1   Thumb Code     2  rt_system.o(i.os_tick_irqack)
    pump_init                                0x080051c5   Thumb Code    86  pump.o(i.pump_init)
    pump_start                               0x08005229   Thumb Code    56  pump.o(i.pump_start)
    rt_alloc_box                             0x08005265   Thumb Code    26  rt_membox.o(i.rt_alloc_box)
    rt_alloc_mem                             0x0800527f   Thumb Code    62  rt_memory.o(i.rt_alloc_mem)
    rt_block                                 0x080052bd   Thumb Code    48  rt_task.o(i.rt_block)
    rt_chk_robin                             0x080052f5   Thumb Code    60  rt_robin.o(i.rt_chk_robin)
    rt_dec_dly                               0x0800533d   Thumb Code   102  rt_list.o(i.rt_dec_dly)
    rt_dispatch                              0x080053ad   Thumb Code    60  rt_task.o(i.rt_dispatch)
    rt_evt_psh                               0x080053f1   Thumb Code    76  rt_event.o(i.rt_evt_psh)
    rt_free_box                              0x08005441   Thumb Code    44  rt_membox.o(i.rt_free_box)
    rt_free_mem                              0x0800546d   Thumb Code    40  rt_memory.o(i.rt_free_mem)
    rt_get_first                             0x08005495   Thumb Code    40  rt_list.o(i.rt_get_first)
    rt_init_mem                              0x0800550d   Thumb Code    26  rt_memory.o(i.rt_init_mem)
    rt_init_robin                            0x08005529   Thumb Code    14  rt_robin.o(i.rt_init_robin)
    rt_init_stack                            0x08005541   Thumb Code   118  hal_cm.o(i.rt_init_stack)
    rt_mbx_check                             0x080055c1   Thumb Code     8  rt_mailbox.o(i.rt_mbx_check)
    rt_mbx_init                              0x080055c9   Thumb Code    26  rt_mailbox.o(i.rt_mbx_init)
    rt_mbx_psh                               0x080055e5   Thumb Code   236  rt_mailbox.o(i.rt_mbx_psh)
    rt_mbx_wait                              0x080056d5   Thumb Code   174  rt_mailbox.o(i.rt_mbx_wait)
    rt_pop_req                               0x080057cd   Thumb Code   112  rt_system.o(i.rt_pop_req)
    rt_psh_req                               0x08005849   Thumb Code    22  rt_system.o(i.rt_psh_req)
    rt_psq_enq                               0x08005869   Thumb Code    88  rt_list.o(i.rt_psq_enq)
    rt_put_dly                               0x080058c5   Thumb Code    68  rt_list.o(i.rt_put_dly)
    rt_put_prio                              0x0800590d   Thumb Code    54  rt_list.o(i.rt_put_prio)
    rt_put_rdy_first                         0x08005945   Thumb Code    14  rt_list.o(i.rt_put_rdy_first)
    rt_resort_prio                           0x08005959   Thumb Code    46  rt_list.o(i.rt_resort_prio)
    rt_ret_val                               0x0800599d   Thumb Code    12  hal_cm.o(i.rt_ret_val)
    rt_ret_val2                              0x080059a9   Thumb Code    16  hal_cm.o(i.rt_ret_val2)
    rt_rmv_dly                               0x080059b9   Thumb Code    40  rt_list.o(i.rt_rmv_dly)
    rt_rmv_list                              0x080059e1   Thumb Code    44  rt_list.o(i.rt_rmv_list)
    rt_sem_psh                               0x08005a11   Thumb Code    48  rt_semaphore.o(i.rt_sem_psh)
    rt_stk_check                             0x08005a45   Thumb Code    28  rt_system.o(i.rt_stk_check)
    rt_switch_req                            0x08005a69   Thumb Code    30  rt_task.o(i.rt_switch_req)
    rt_sys_init                              0x08005a91   Thumb Code   138  rt_task.o(i.rt_sys_init)
    rt_sys_start                             0x08005b5d   Thumb Code   110  rt_task.o(i.rt_sys_start)
    rt_systick                               0x08005bd5   Thumb Code    50  rt_system.o(i.rt_systick)
    rt_tsk_create                            0x08005c5d   Thumb Code   118  rt_task.o(i.rt_tsk_create)
    rt_tsk_delete                            0x08005ce5   Thumb Code   352  rt_task.o(i.rt_tsk_delete)
    rt_tsk_prio                              0x08005e61   Thumb Code   108  rt_task.o(i.rt_tsk_prio)
    rt_tsk_self                              0x08005edd   Thumb Code    12  rt_task.o(i.rt_tsk_self)
    sensors                                  0x08005eed   Thumb Code   276  sensors.o(i.sensors)
    settings                                 0x08006019   Thumb Code   234  settings.o(i.settings)
    svcKernelInitialize                      0x0800610d   Thumb Code    80  rt_cmsis.o(i.svcKernelInitialize)
    svcKernelStart                           0x0800617d   Thumb Code    62  rt_cmsis.o(i.svcKernelStart)
    svcMessageCreate                         0x080061c5   Thumb Code    36  rt_cmsis.o(i.svcMessageCreate)
    svcMessageGet                            0x080061e9   Thumb Code    58  rt_cmsis.o(i.svcMessageGet)
    svcThreadCreate                          0x08006225   Thumb Code    96  rt_cmsis.o(i.svcThreadCreate)
    svcThreadGetId                           0x08006291   Thumb Code    22  rt_cmsis.o(i.svcThreadGetId)
    svcThreadTerminate                       0x080062ad   Thumb Code    50  rt_cmsis.o(i.svcThreadTerminate)
    svcTimerCall                             0x080062e5   Thumb Code    24  rt_cmsis.o(i.svcTimerCall)
    sysTimerTick                             0x080062fd   Thumb Code    84  rt_cmsis.o(i.sysTimerTick)
    test                                     0x08006359   Thumb Code    60  sensors.o(i.test)
    GLCD_Font_6x8                            0x08007c14   Data          16  glcd_fonts.o(.constdata)
    GLCD_Font_16x24                          0x08007c24   Data          16  glcd_fonts.o(.constdata)
    os_maxtaskrun                            0x08007c34   Data           2  rtx_conf_cm.o(.constdata)
    os_stackinfo                             0x08007c38   Data           4  rtx_conf_cm.o(.constdata)
    os_rrobin                                0x08007c3c   Data           4  rtx_conf_cm.o(.constdata)
    os_tickfreq                              0x08007c40   Data           4  rtx_conf_cm.o(.constdata)
    os_tickus_i                              0x08007c44   Data           2  rtx_conf_cm.o(.constdata)
    os_tickus_f                              0x08007c46   Data           2  rtx_conf_cm.o(.constdata)
    os_trv                                   0x08007c48   Data           4  rtx_conf_cm.o(.constdata)
    os_flags                                 0x08007c4c   Data           1  rtx_conf_cm.o(.constdata)
    CMSIS_RTOS_API_Version                   0x08007c50   Data           4  rtx_conf_cm.o(.constdata)
    CMSIS_RTOS_RTX_Version                   0x08007c54   Data           4  rtx_conf_cm.o(.constdata)
    os_clockrate                             0x08007c58   Data           4  rtx_conf_cm.o(.constdata)
    os_timernum                              0x08007c5c   Data           4  rtx_conf_cm.o(.constdata)
    mp_tcb_size                              0x08007c60   Data           2  rtx_conf_cm.o(.constdata)
    mp_stk_size                              0x08007c64   Data           4  rtx_conf_cm.o(.constdata)
    os_stack_sz                              0x08007c68   Data           4  rtx_conf_cm.o(.constdata)
    os_fifo_size                             0x08007c6c   Data           1  rtx_conf_cm.o(.constdata)
    os_thread_def_osTimerThread              0x08007c70   Data          16  rtx_conf_cm.o(.constdata)
    os_messageQ_def_osTimerMessageQ          0x08007c80   Data           8  rtx_conf_cm.o(.constdata)
    mp_tmr_size                              0x08007c88   Data           2  rtx_conf_cm.o(.constdata)
    os_thread_def_main                       0x08007c8c   Data          16  rtx_conf_cm.o(.constdata)
    EventRecorderInfo                        0x08007c9c   Data          24  eventrecorder.o(.constdata)
    AHBPrescTable                            0x08007cbc   Data          16  system_stm32f7xx.o(.constdata)
    APBPrescTable                            0x08007ccc   Data           8  system_stm32f7xx.o(.constdata)
    Region$$Table$$Base                      0x08007cfc   Number         0  anon$$obj.o(Region$$Table)
    Region$$Table$$Limit                     0x08007d1c   Number         0  anon$$obj.o(Region$$Table)
    max_temp                                 0x20010000   Data           1  settings.o(.data)
    max_humidity                             0x20010001   Data           1  settings.o(.data)
    fan_speed                                0x20010004   Data           4  sensors.o(.data)
    pump_tick                                0x20010008   Data           4  sensors.o(.data)
    pump_time                                0x2001000c   Data           1  sensors.o(.data)
    temp_value                               0x2001000d   Data           1  sensors.o(.data)
    humidity_value                           0x2001000e   Data           1  sensors.o(.data)
    soilMoistureValue                        0x2001000f   Data           1  sensors.o(.data)
    sensor_names                             0x20010010   Data          12  sensors.o(.data)
    i                                        0x2001001c   Data           4  serial.o(.data)
    sensor_num                               0x20010020   Data           1  serial.o(.data)
    input_buffer                             0x20010021   Data           3  serial.o(.data)
    output_buffer                            0x20010024   Data           3  serial.o(.data)
    ft5336_ts_drv                            0x20010028   Data          40  ft5336.o(.data)
    osThreadId_osTimerThread                 0x2001006c   Data           4  rtx_conf_cm.o(.data)
    osMessageQId_osTimerMessageQ             0x20010070   Data           4  rtx_conf_cm.o(.data)
    os_tmr                                   0x20010074   Data           4  rtx_conf_cm.o(.data)
    m_tmr                                    0x20010078   Data           4  rtx_conf_cm.o(.data)
    uwTick                                   0x2001007c   Data           4  stm32f7xx_hal.o(.data)
    uwTickPrio                               0x20010080   Data           4  stm32f7xx_hal.o(.data)
    uwTickFreq                               0x20010084   Data           1  stm32f7xx_hal.o(.data)
    SystemCoreClock                          0x20010088   Data           4  system_stm32f7xx.o(.data)
    os_initialized                           0x2001008c   Data           1  rt_cmsis.o(.data)
    os_running                               0x2001008d   Data           1  rt_cmsis.o(.data)
    os_timer_head                            0x20010090   Data           4  rt_cmsis.o(.data)
    os_time                                  0x20010094   Data           4  rt_time.o(.data)
    os_tsk                                   0x20010098   Data           8  rt_task.o(.data)
    os_tick_irqn                             0x200100a4   Data           4  rt_system.o(.data)
    dbg_msg                                  0x200100a8   Data           1  hal_cm.o(.data)
    os_robin                                 0x200100ac   Data           8  rt_robin.o(.data)
    sensor_values                            0x200100b4   Data          12  sensors.o(.bss)
    read_pin                                 0x200100c0   Data          24  serial.o(.bss)
    write_pin                                0x200100d8   Data          24  serial.o(.bss)
    pump_pin                                 0x200100f0   Data          24  pump.o(.bss)
    htim2                                    0x20010108   Data          64  fan.o(.bss)
    sConfigOC                                0x20010148   Data          28  fan.o(.bss)
    sdramHandle                              0x200101fc   Data          52  stm32746g_discovery_sdram.o(.bss)
    mp_tcb                                   0x200103f0   Data         376  rtx_conf_cm.o(.bss)
    mp_stk                                   0x20010568   Data        1216  rtx_conf_cm.o(.bss)
    os_stack_mem                             0x20010a28   Data         432  rtx_conf_cm.o(.bss)
    os_fifo                                  0x20010bd8   Data         132  rtx_conf_cm.o(.bss)
    os_active_TCB                            0x20010c5c   Data          28  rtx_conf_cm.o(.bss)
    os_messageQ_q_osTimerMessageQ            0x20010c78   Data          32  rtx_conf_cm.o(.bss)
    os_idle_TCB                              0x20010c98   Data          52  rt_task.o(.bss)
    os_rdy                                   0x20010ccc   Data          24  rt_list.o(.bss)
    os_dly                                   0x20010ce4   Data          24  rt_list.o(.bss)
    __initial_sp                             0x200115a8   Data           0  startup_stm32f746xx.o(STACK)



==============================================================================

Memory Map of the image

  Image Entry point : 0x08000385

  Load Region LR_1 (Base: 0x08000000, Size: 0x00007dd0, Max: 0xffffffff, ABSOLUTE)

    Execution Region ER_RO (Base: 0x08000000, Size: 0x00007d1c, Max: 0xffffffff, ABSOLUTE)

    Base Addr    Size         Type   Attr      Idx    E Section Name        Object

    0x08000000   0x000001c8   Data   RO         5619    RESET               startup_stm32f746xx.o
    0x080001c8   0x00000000   Code   RO         6877  * .ARM.Collect$$$$00000000  mc_w.l(entry.o)
    0x080001c8   0x00000004   Code   RO         7159    .ARM.Collect$$$$00000001  mc_w.l(entry2.o)
    0x080001cc   0x00000004   Code   RO         7162    .ARM.Collect$$$$00000004  mc_w.l(entry5.o)
    0x080001d0   0x00000000   Code   RO         7164    .ARM.Collect$$$$00000008  mc_w.l(entry7b.o)
    0x080001d0   0x00000000   Code   RO         7166    .ARM.Collect$$$$0000000A  mc_w.l(entry8b.o)
    0x080001d0   0x00000000   Code   RO         7167    .ARM.Collect$$$$0000000D  mc_w.l(entry10a.o)
    0x080001d0   0x00000000   Code   RO         7169    .ARM.Collect$$$$0000000F  mc_w.l(entry11a.o)
    0x080001d0   0x00000018   Code   RO         1352    .ARM.Collect$$$$000000FF  rtx_conf_cm.o
    0x080001e8   0x00000004   Code   RO         7160    .ARM.Collect$$$$00002712  mc_w.l(entry2.o)
    0x080001ec   0x00000198   Code   RO         6864    .emb_text           RTX_CM4.lib(hal_cm4.o)
    0x08000384   0x00000024   Code   RO         5620  * .text               startup_stm32f746xx.o
    0x080003a8   0x00000062   Code   RO         6880    .text               mc_w.l(uldiv.o)
    0x0800040a   0x00000024   Code   RO         6882    .text               mc_w.l(memcpya.o)
    0x0800042e   0x0000000e   Code   RO         6886    .text               mc_w.l(strlen.o)
    0x0800043c   0x000000e4   Code   RO         7151    .text               mf_w.l(dmul.o)
    0x08000520   0x000000de   Code   RO         7153    .text               mf_w.l(ddiv.o)
    0x080005fe   0x00000022   Code   RO         7155    .text               mf_w.l(dflti.o)
    0x08000620   0x00000030   Code   RO         7157    .text               mf_w.l(cdcmple.o)
    0x08000650   0x0000002c   Code   RO         7174    .text               mc_w.l(uidiv.o)
    0x0800067c   0x0000001e   Code   RO         7176    .text               mc_w.l(llshl.o)
    0x0800069a   0x00000020   Code   RO         7178    .text               mc_w.l(llushr.o)
    0x080006ba   0x00000000   Code   RO         7180    .text               mc_w.l(iusefp.o)
    0x080006ba   0x000000ba   Code   RO         7181    .text               mf_w.l(depilogue.o)
    0x08000774   0x00000024   Code   RO         7189    .text               mc_w.l(init.o)
    0x08000798   0x00000004   Code   RO         6874    SVC_TABLE           RTX_CM4.lib(svc_table.o)
    0x0800079c   0x0000008c   Code   RO          957    i.BSP_SDRAM_Init    stm32746g_discovery_sdram.o
    0x08000828   0x00000098   Code   RO          958    i.BSP_SDRAM_Initialization_sequence  stm32746g_discovery_sdram.o
    0x080008c0   0x000001c8   Code   RO          960    i.BSP_SDRAM_MspInit  stm32746g_discovery_sdram.o
    0x08000a88   0x0000022c   Code   RO         1042    i.BSP_TS_GetState   stm32746g_discovery_ts.o
    0x08000cb4   0x00000070   Code   RO         1043    i.BSP_TS_Get_GestureId  stm32746g_discovery_ts.o
    0x08000d24   0x00000064   Code   RO         1047    i.BSP_TS_Init       stm32746g_discovery_ts.o
    0x08000d88   0x00000034   Code   RO         1863    i.DMA_CalcBaseAndBitshift  stm32f7xx_hal_dma.o
    0x08000dbc   0x000000aa   Code   RO         1864    i.DMA_CheckFifoParam  stm32f7xx_hal_dma.o
    0x08000e66   0x00000002   PAD
    0x08000e68   0x00000030   Code   RO          600    i.DWT_Delay         dwt_delay.o
    0x08000e98   0x00000030   Code   RO          601    i.DWT_Init          dwt_delay.o
    0x08000ec8   0x0000007c   Code   RO          410    i.EXTI9_5_IRQHandler  serial.o
    0x08000f44   0x00000074   Code   RO         5209    i.FMC_SDRAM_Init    stm32f7xx_ll_fmc.o
    0x08000fb8   0x0000000e   Code   RO         5210    i.FMC_SDRAM_ProgramRefreshRate  stm32f7xx_ll_fmc.o
    0x08000fc6   0x00000026   Code   RO         5211    i.FMC_SDRAM_SendCommand  stm32f7xx_ll_fmc.o
    0x08000fec   0x0000009c   Code   RO         5213    i.FMC_SDRAM_Timing_Init  stm32f7xx_ll_fmc.o
    0x08001088   0x00000024   Code   RO         1121    i.GLCD_ClearScreen  glcd_746g_discovery.o
    0x080010ac   0x000000d8   Code   RO         1124    i.GLCD_DrawChar     glcd_746g_discovery.o
    0x08001184   0x0000002c   Code   RO         1125    i.GLCD_DrawHLine    glcd_746g_discovery.o
    0x080011b0   0x0000002c   Code   RO         1128    i.GLCD_DrawString   glcd_746g_discovery.o
    0x080011dc   0x00000030   Code   RO         1129    i.GLCD_DrawVLine    glcd_746g_discovery.o
    0x0800120c   0x00000218   Code   RO         1133    i.GLCD_Initialize   glcd_746g_discovery.o
    0x08001424   0x00000010   Code   RO         1134    i.GLCD_SetBackgroundColor  glcd_746g_discovery.o
    0x08001434   0x00000010   Code   RO         1135    i.GLCD_SetFont      glcd_746g_discovery.o
    0x08001444   0x00000010   Code   RO         1136    i.GLCD_SetForegroundColor  glcd_746g_discovery.o
    0x08001454   0x0000006e   Code   RO         1868    i.HAL_DMA_DeInit    stm32f7xx_hal_dma.o
    0x080014c2   0x00000002   PAD
    0x080014c4   0x000000ec   Code   RO         1872    i.HAL_DMA_Init      stm32f7xx_hal_dma.o
    0x080015b0   0x00000028   Code   RO         1532    i.HAL_Delay         stm32f7xx_hal.o
    0x080015d8   0x00000002   Code   RO         2208    i.HAL_GPIO_EXTI_Callback  stm32f7xx_hal_gpio.o
    0x080015da   0x00000002   PAD
    0x080015dc   0x0000001c   Code   RO         2209    i.HAL_GPIO_EXTI_IRQHandler  stm32f7xx_hal_gpio.o
    0x080015f8   0x00000218   Code   RO         2210    i.HAL_GPIO_Init     stm32f7xx_hal_gpio.o
    0x08001810   0x00000010   Code   RO         2212    i.HAL_GPIO_ReadPin  stm32f7xx_hal_gpio.o
    0x08001820   0x0000000c   Code   RO         2214    i.HAL_GPIO_WritePin  stm32f7xx_hal_gpio.o
    0x0800182c   0x0000000c   Code   RO            5    i.HAL_GetTick       systemclock.o
    0x08001838   0x0000003c   Code   RO         2275    i.HAL_I2C_DeInit    stm32f7xx_hal_i2c.o
    0x08001874   0x00000008   Code   RO         2283    i.HAL_I2C_GetState  stm32f7xx_hal_i2c.o
    0x0800187c   0x000000c4   Code   RO         2284    i.HAL_I2C_Init      stm32f7xx_hal_i2c.o
    0x08001940   0x000001a0   Code   RO         2302    i.HAL_I2C_Mem_Read  stm32f7xx_hal_i2c.o
    0x08001ae0   0x00000198   Code   RO         2305    i.HAL_I2C_Mem_Write  stm32f7xx_hal_i2c.o
    0x08001c78   0x00000002   Code   RO         2308    i.HAL_I2C_MspDeInit  stm32f7xx_hal_i2c.o
    0x08001c7a   0x00000002   Code   RO         2309    i.HAL_I2C_MspInit   stm32f7xx_hal_i2c.o
    0x08001c7c   0x00000030   Code   RO         1547    i.HAL_Init          stm32f7xx_hal.o
    0x08001cac   0x0000004c   Code   RO         1548    i.HAL_InitTick      stm32f7xx_hal.o
    0x08001cf8   0x0000005e   Code   RO         2763    i.HAL_LTDC_ConfigLayer  stm32f7xx_hal_ltdc.o
    0x08001d56   0x00000002   PAD
    0x08001d58   0x00000118   Code   RO         2780    i.HAL_LTDC_Init     stm32f7xx_hal_ltdc.o
    0x08001e70   0x00000002   Code   RO         2783    i.HAL_LTDC_MspInit  stm32f7xx_hal_ltdc.o
    0x08001e72   0x00000002   Code   RO         1550    i.HAL_MspInit       stm32f7xx_hal.o
    0x08001e74   0x0000002c   Code   RO         1727    i.HAL_NVIC_DisableIRQ  stm32f7xx_hal_cortex.o
    0x08001ea0   0x00000028   Code   RO         1728    i.HAL_NVIC_EnableIRQ  stm32f7xx_hal_cortex.o
    0x08001ec8   0x0000007c   Code   RO         1734    i.HAL_NVIC_SetPriority  stm32f7xx_hal_cortex.o
    0x08001f44   0x00000028   Code   RO         1735    i.HAL_NVIC_SetPriorityGrouping  stm32f7xx_hal_cortex.o
    0x08001f6c   0x000006e0   Code   RO         3359    i.HAL_RCCEx_PeriphCLKConfig  stm32f7xx_hal_rcc_ex.o
    0x0800264c   0x00000194   Code   RO         3252    i.HAL_RCC_ClockConfig  stm32f7xx_hal_rcc.o
    0x080027e0   0x000000b0   Code   RO         3261    i.HAL_RCC_GetSysClockFreq  stm32f7xx_hal_rcc.o
    0x08002890   0x00000504   Code   RO         3264    i.HAL_RCC_OscConfig  stm32f7xx_hal_rcc.o
    0x08002d94   0x00000040   Code   RO         3674    i.HAL_SDRAM_Init    stm32f7xx_hal_sdram.o
    0x08002dd4   0x00000002   Code   RO         3676    i.HAL_SDRAM_MspInit  stm32f7xx_hal_sdram.o
    0x08002dd6   0x00000028   Code   RO         3677    i.HAL_SDRAM_ProgramRefreshRate  stm32f7xx_hal_sdram.o
    0x08002dfe   0x0000003a   Code   RO         3683    i.HAL_SDRAM_SendCommand  stm32f7xx_hal_sdram.o
    0x08002e38   0x00000034   Code   RO         1739    i.HAL_SYSTICK_Config  stm32f7xx_hal_cortex.o
    0x08002e6c   0x00000034   Code   RO         3826    i.HAL_TIM_Base_Init  stm32f7xx_hal_tim.o
    0x08002ea0   0x00000002   Code   RO         3828    i.HAL_TIM_Base_MspInit  stm32f7xx_hal_tim.o
    0x08002ea2   0x00000002   PAD
    0x08002ea4   0x0000010c   Code   RO         3835    i.HAL_TIM_ConfigClockSource  stm32f7xx_hal_tim.o
    0x08002fb0   0x00000174   Code   RO         3893    i.HAL_TIM_PWM_ConfigChannel  stm32f7xx_hal_tim.o
    0x08003124   0x00000034   Code   RO         3896    i.HAL_TIM_PWM_Init  stm32f7xx_hal_tim.o
    0x08003158   0x00000002   Code   RO         3898    i.HAL_TIM_PWM_MspInit  stm32f7xx_hal_tim.o
    0x0800315a   0x00000002   PAD
    0x0800315c   0x00000064   Code   RO         3901    i.HAL_TIM_PWM_Start  stm32f7xx_hal_tim.o
    0x080031c0   0x00000028   Code   RO         2331    i.I2C_Flush_TXDR    stm32f7xx_hal_i2c.o
    0x080031e8   0x00000098   Code   RO         2339    i.I2C_IsAcknowledgeFailed  stm32f7xx_hal_i2c.o
    0x08003280   0x0000007c   Code   RO         2342    i.I2C_RequestMemoryRead  stm32f7xx_hal_i2c.o
    0x080032fc   0x0000007c   Code   RO         2343    i.I2C_RequestMemoryWrite  stm32f7xx_hal_i2c.o
    0x08003378   0x00000034   Code   RO         2346    i.I2C_TransferConfig  stm32f7xx_hal_i2c.o
    0x080033ac   0x0000005e   Code   RO         2347    i.I2C_WaitOnFlagUntilTimeout  stm32f7xx_hal_i2c.o
    0x0800340a   0x00000056   Code   RO         2349    i.I2C_WaitOnSTOPFlagUntilTimeout  stm32f7xx_hal_i2c.o
    0x08003460   0x0000005a   Code   RO         2350    i.I2C_WaitOnTXISFlagUntilTimeout  stm32f7xx_hal_i2c.o
    0x080034ba   0x00000014   Code   RO          756    i.I2Cx_Error        stm32746g_discovery.o
    0x080034ce   0x00000002   PAD
    0x080034d0   0x00000050   Code   RO          757    i.I2Cx_Init         stm32746g_discovery.o
    0x08003520   0x00000164   Code   RO          759    i.I2Cx_MspInit      stm32746g_discovery.o
    0x08003684   0x0000003a   Code   RO          760    i.I2Cx_ReadMultiple  stm32746g_discovery.o
    0x080036be   0x0000003a   Code   RO          761    i.I2Cx_WriteMultiple  stm32746g_discovery.o
    0x080036f8   0x00000210   Code   RO         2799    i.LTDC_SetConfig    stm32f7xx_hal_ltdc.o
    0x08003908   0x0000004c   Code   RO          501    i.PA15_Init         fan.o
    0x08003954   0x00000094   Code   RO          412    i.SER_Init          serial.o
    0x080039e8   0x00000090   Code   RO            6    i.SystemClock_Config  systemclock.o
    0x08003a78   0x0000001c   Code   RO         5628    i.SystemInit        system_stm32f7xx.o
    0x08003a94   0x00000060   Code   RO          502    i.TIM2_Init         fan.o
    0x08003af4   0x000000d8   Code   RO         3914    i.TIM_Base_SetConfig  stm32f7xx_hal_tim.o
    0x08003bcc   0x00000022   Code   RO         3915    i.TIM_CCxChannelCmd  stm32f7xx_hal_tim.o
    0x08003bee   0x00000016   Code   RO         3925    i.TIM_ETR_SetConfig  stm32f7xx_hal_tim.o
    0x08003c04   0x00000012   Code   RO         3926    i.TIM_ITRx_SetConfig  stm32f7xx_hal_tim.o
    0x08003c16   0x00000002   PAD
    0x08003c18   0x00000074   Code   RO         3927    i.TIM_OC1_SetConfig  stm32f7xx_hal_tim.o
    0x08003c8c   0x00000080   Code   RO         3928    i.TIM_OC2_SetConfig  stm32f7xx_hal_tim.o
    0x08003d0c   0x0000007c   Code   RO         3929    i.TIM_OC3_SetConfig  stm32f7xx_hal_tim.o
    0x08003d88   0x00000058   Code   RO         3930    i.TIM_OC4_SetConfig  stm32f7xx_hal_tim.o
    0x08003de0   0x00000050   Code   RO         3931    i.TIM_OC5_SetConfig  stm32f7xx_hal_tim.o
    0x08003e30   0x00000054   Code   RO         3932    i.TIM_OC6_SetConfig  stm32f7xx_hal_tim.o
    0x08003e84   0x00000026   Code   RO         3934    i.TIM_TI1_ConfigInputStage  stm32f7xx_hal_tim.o
    0x08003eaa   0x00000028   Code   RO         3936    i.TIM_TI2_ConfigInputStage  stm32f7xx_hal_tim.o
    0x08003ed2   0x0000000c   Code   RO          762    i.TS_IO_Delay       stm32746g_discovery.o
    0x08003ede   0x00000002   PAD
    0x08003ee0   0x00000010   Code   RO          763    i.TS_IO_Init        stm32746g_discovery.o
    0x08003ef0   0x00000028   Code   RO          764    i.TS_IO_Read        stm32746g_discovery.o
    0x08003f18   0x00000024   Code   RO          765    i.TS_IO_Write       stm32746g_discovery.o
    0x08003f3c   0x0000003c   Code   RO         1319    i.Touch_GetState    touch_746g_discovery.o
    0x08003f78   0x0000001c   Code   RO         1320    i.Touch_Initialize  touch_746g_discovery.o
    0x08003f94   0x00000028   Code   RO         6937    i.__0sprintf$1      mc_w.l(printf1.o)
    0x08003fbc   0x00000010   Code   RO         1741    i.__NVIC_GetPriorityGrouping  stm32f7xx_hal_cortex.o
    0x08003fcc   0x00000028   Code   RO         1742    i.__NVIC_SetPriority  stm32f7xx_hal_cortex.o
    0x08003ff4   0x0000000e   Code   RO         7197    i.__scatterload_copy  mc_w.l(handlers.o)
    0x08004002   0x00000002   Code   RO         7198    i.__scatterload_null  mc_w.l(handlers.o)
    0x08004004   0x0000000e   Code   RO         7199    i.__scatterload_zeroinit  mc_w.l(handlers.o)
    0x08004012   0x00000046   Code   RO         6737    i._init_box         RTX_CM4.lib(rt_membox.o)
    0x08004058   0x00000154   Code   RO         6942    i._printf_core      mc_w.l(printf1.o)
    0x080041ac   0x0000000a   Code   RO         6944    i._sputc            mc_w.l(printf1.o)
    0x080041b6   0x00000036   Code   RO          170    i.check_coords      info.o
    0x080041ec   0x0000008e   Code   RO          248    i.check_coords      settings.o
    0x0800427a   0x0000009e   Code   RO          295    i.check_coords      sensors.o
    0x08004318   0x00000030   Code   RO         6790    i.dbg_init          RTX_CM4.lib(hal_cm.o)
    0x08004348   0x00000020   Code   RO         6791    i.dbg_task_notify   RTX_CM4.lib(hal_cm.o)
    0x08004368   0x00000010   Code   RO         6792    i.dbg_task_switch   RTX_CM4.lib(hal_cm.o)
    0x08004378   0x0000003e   Code   RO          547    i.draw_flat_background  ui_elements.o
    0x080043b6   0x00000002   PAD
    0x080043b8   0x00000160   Code   RO          171    i.draw_info         info.o
    0x08004518   0x00000058   Code   RO          296    i.draw_sensors      sensors.o
    0x08004570   0x00000120   Code   RO          297    i.draw_sensors_box  sensors.o
    0x08004690   0x000000d4   Code   RO          249    i.draw_settings     settings.o
    0x08004764   0x0000007e   Code   RO          548    i.draw_string_box   ui_elements.o
    0x080047e2   0x00000002   PAD
    0x080047e4   0x00000084   Code   RO          549    i.draw_top_bar      ui_elements.o
    0x08004868   0x00000040   Code   RO          503    i.fan_init          fan.o
    0x080048a8   0x0000000c   Code   RO          504    i.fan_run           fan.o
    0x080048b4   0x0000000c   Code   RO          627    i.ft5336_Get_I2C_InitializedStatus  ft5336.o
    0x080048c0   0x00000018   Code   RO          628    i.ft5336_I2C_InitializeIfRequired  ft5336.o
    0x080048d8   0x00000010   Code   RO          629    i.ft5336_Init       ft5336.o
    0x080048e8   0x0000003a   Code   RO          630    i.ft5336_ReadID     ft5336.o
    0x08004922   0x00000002   Code   RO          631    i.ft5336_Reset      ft5336.o
    0x08004924   0x00000002   Code   RO          632    i.ft5336_TS_ClearIT  ft5336.o
    0x08004926   0x00000006   Code   RO          633    i.ft5336_TS_Configure  ft5336.o
    0x0800492c   0x00000040   Code   RO          634    i.ft5336_TS_DetectTouch  ft5336.o
    0x0800496c   0x00000014   Code   RO          635    i.ft5336_TS_DisableIT  ft5336.o
    0x08004980   0x00000014   Code   RO          636    i.ft5336_TS_EnableIT  ft5336.o
    0x08004994   0x0000001c   Code   RO          637    i.ft5336_TS_GetGestureID  ft5336.o
    0x080049b0   0x00000108   Code   RO          638    i.ft5336_TS_GetTouchInfo  ft5336.o
    0x08004ab8   0x00000164   Code   RO          639    i.ft5336_TS_GetXY   ft5336.o
    0x08004c1c   0x00000006   Code   RO          640    i.ft5336_TS_ITStatus  ft5336.o
    0x08004c22   0x00000016   Code   RO          641    i.ft5336_TS_Start   ft5336.o
    0x08004c38   0x000002bc   Code   RO          298    i.handler           sensors.o
    0x08004ef4   0x0000007e   Code   RO          172    i.info              info.o
    0x08004f72   0x0000002a   Code   RO         5664    i.isrMessageGet     RTX_CM4.lib(rt_cmsis.o)
    0x08004f9c   0x0000002c   Code   RO         5665    i.isrMessagePut     RTX_CM4.lib(rt_cmsis.o)
    0x08004fc8   0x00000056   Code   RO         6616    i.isr_mbx_receive   RTX_CM4.lib(rt_mailbox.o)
    0x0800501e   0x0000000e   Code   RO         6617    i.isr_mbx_send      RTX_CM4.lib(rt_mailbox.o)
    0x0800502c   0x0000001e   Code   RO          550    i.main              ui_elements.o
    0x0800504a   0x00000002   PAD
    0x0800504c   0x00000024   Code   RO         5669    i.osKernelInitialize  RTX_CM4.lib(rt_cmsis.o)
    0x08005070   0x0000006c   Code   RO         5671    i.osKernelStart     RTX_CM4.lib(rt_cmsis.o)
    0x080050dc   0x00000018   Code   RO         5680    i.osMessageGet      RTX_CM4.lib(rt_cmsis.o)
    0x080050f4   0x0000002c   Code   RO         5697    i.osThreadCreate    RTX_CM4.lib(rt_cmsis.o)
    0x08005120   0x00000018   Code   RO         5698    i.osThreadExit      RTX_CM4.lib(rt_cmsis.o)
    0x08005138   0x0000000c   Code   RO         5704    i.osTimerCall       RTX_CM4.lib(rt_cmsis.o)
    0x08005144   0x0000002c   Code   RO         5709    i.osTimerThread     RTX_CM4.lib(rt_cmsis.o)
    0x08005170   0x00000022   Code   RO         1353    i.os_error          rtx_conf_cm.o
    0x08005192   0x00000004   Code   RO         1354    i.os_idle_demon     rtx_conf_cm.o
    0x08005196   0x00000002   PAD
    0x08005198   0x00000028   Code   RO         6404    i.os_tick_init      RTX_CM4.lib(rt_system.o)
    0x080051c0   0x00000002   Code   RO         6405    i.os_tick_irqack    RTX_CM4.lib(rt_system.o)
    0x080051c2   0x00000002   PAD
    0x080051c4   0x00000064   Code   RO          468    i.pump_init         pump.o
    0x08005228   0x0000003c   Code   RO          469    i.pump_start        pump.o
    0x08005264   0x0000001a   Code   RO         6738    i.rt_alloc_box      RTX_CM4.lib(rt_membox.o)
    0x0800527e   0x0000003e   Code   RO         6766    i.rt_alloc_mem      RTX_CM4.lib(rt_memory.o)
    0x080052bc   0x00000038   Code   RO         6319    i.rt_block          RTX_CM4.lib(rt_task.o)
    0x080052f4   0x00000048   Code   RO         6843    i.rt_chk_robin      RTX_CM4.lib(rt_robin.o)
    0x0800533c   0x00000070   Code   RO         6540    i.rt_dec_dly        RTX_CM4.lib(rt_list.o)
    0x080053ac   0x00000044   Code   RO         6320    i.rt_dispatch       RTX_CM4.lib(rt_task.o)
    0x080053f0   0x00000050   Code   RO         6497    i.rt_evt_psh        RTX_CM4.lib(rt_event.o)
    0x08005440   0x0000002c   Code   RO         6739    i.rt_free_box       RTX_CM4.lib(rt_membox.o)
    0x0800546c   0x00000028   Code   RO         6767    i.rt_free_mem       RTX_CM4.lib(rt_memory.o)
    0x08005494   0x00000028   Code   RO         6541    i.rt_get_first      RTX_CM4.lib(rt_list.o)
    0x080054bc   0x00000008   Code   RO         5714    i.rt_id2obj         RTX_CM4.lib(rt_cmsis.o)
    0x080054c4   0x00000048   Code   RO         6321    i.rt_init_context   RTX_CM4.lib(rt_task.o)
    0x0800550c   0x0000001a   Code   RO         6768    i.rt_init_mem       RTX_CM4.lib(rt_memory.o)
    0x08005526   0x00000002   PAD
    0x08005528   0x00000018   Code   RO         6844    i.rt_init_robin     RTX_CM4.lib(rt_robin.o)
    0x08005540   0x00000080   Code   RO         6793    i.rt_init_stack     RTX_CM4.lib(hal_cm.o)
    0x080055c0   0x00000008   Code   RO         6618    i.rt_mbx_check      RTX_CM4.lib(rt_mailbox.o)
    0x080055c8   0x0000001a   Code   RO         6619    i.rt_mbx_init       RTX_CM4.lib(rt_mailbox.o)
    0x080055e2   0x00000002   PAD
    0x080055e4   0x000000f0   Code   RO         6620    i.rt_mbx_psh        RTX_CM4.lib(rt_mailbox.o)
    0x080056d4   0x000000b4   Code   RO         6622    i.rt_mbx_wait       RTX_CM4.lib(rt_mailbox.o)
    0x08005788   0x00000044   Code   RO         5715    i.rt_ms2tick        RTX_CM4.lib(rt_cmsis.o)
    0x080057cc   0x0000007c   Code   RO         6408    i.rt_pop_req        RTX_CM4.lib(rt_system.o)
    0x08005848   0x00000020   Code   RO         6409    i.rt_psh_req        RTX_CM4.lib(rt_system.o)
    0x08005868   0x0000005c   Code   RO         6543    i.rt_psq_enq        RTX_CM4.lib(rt_list.o)
    0x080058c4   0x00000048   Code   RO         6544    i.rt_put_dly        RTX_CM4.lib(rt_list.o)
    0x0800590c   0x00000036   Code   RO         6545    i.rt_put_prio       RTX_CM4.lib(rt_list.o)
    0x08005942   0x00000002   PAD
    0x08005944   0x00000014   Code   RO         6546    i.rt_put_rdy_first  RTX_CM4.lib(rt_list.o)
    0x08005958   0x00000034   Code   RO         6547    i.rt_resort_prio    RTX_CM4.lib(rt_list.o)
    0x0800598c   0x00000010   Code   RO         6794    i.rt_ret_regs       RTX_CM4.lib(hal_cm.o)
    0x0800599c   0x0000000c   Code   RO         6795    i.rt_ret_val        RTX_CM4.lib(hal_cm.o)
    0x080059a8   0x00000010   Code   RO         6796    i.rt_ret_val2       RTX_CM4.lib(hal_cm.o)
    0x080059b8   0x00000028   Code   RO         6548    i.rt_rmv_dly        RTX_CM4.lib(rt_list.o)
    0x080059e0   0x00000030   Code   RO         6549    i.rt_rmv_list       RTX_CM4.lib(rt_list.o)
    0x08005a10   0x00000034   Code   RO         6667    i.rt_sem_psh        RTX_CM4.lib(rt_semaphore.o)
    0x08005a44   0x00000024   Code   RO         6411    i.rt_stk_check      RTX_CM4.lib(rt_system.o)
    0x08005a68   0x00000028   Code   RO         6322    i.rt_switch_req     RTX_CM4.lib(rt_task.o)
    0x08005a90   0x000000cc   Code   RO         6323    i.rt_sys_init       RTX_CM4.lib(rt_task.o)
    0x08005b5c   0x00000078   Code   RO         6324    i.rt_sys_start      RTX_CM4.lib(rt_task.o)
    0x08005bd4   0x00000040   Code   RO         6413    i.rt_systick        RTX_CM4.lib(rt_system.o)
    0x08005c14   0x00000012   Code   RO         5716    i.rt_tid2ptcb       RTX_CM4.lib(rt_cmsis.o)
    0x08005c26   0x00000002   PAD
    0x08005c28   0x00000034   Code   RO         5717    i.rt_timer_insert   RTX_CM4.lib(rt_cmsis.o)
    0x08005c5c   0x00000088   Code   RO         6325    i.rt_tsk_create     RTX_CM4.lib(rt_task.o)
    0x08005ce4   0x0000017c   Code   RO         6326    i.rt_tsk_delete     RTX_CM4.lib(rt_task.o)
    0x08005e60   0x0000007c   Code   RO         6328    i.rt_tsk_prio       RTX_CM4.lib(rt_task.o)
    0x08005edc   0x00000010   Code   RO         6329    i.rt_tsk_self       RTX_CM4.lib(rt_task.o)
    0x08005eec   0x0000012c   Code   RO          299    i.sensors           sensors.o
    0x08006018   0x000000f4   Code   RO          250    i.settings          settings.o
    0x0800610c   0x00000070   Code   RO         5720    i.svcKernelInitialize  RTX_CM4.lib(rt_cmsis.o)
    0x0800617c   0x00000048   Code   RO         5722    i.svcKernelStart    RTX_CM4.lib(rt_cmsis.o)
    0x080061c4   0x00000024   Code   RO         5725    i.svcMessageCreate  RTX_CM4.lib(rt_cmsis.o)
    0x080061e8   0x0000003a   Code   RO         5726    i.svcMessageGet     RTX_CM4.lib(rt_cmsis.o)
    0x08006222   0x00000002   PAD
    0x08006224   0x0000006c   Code   RO         5740    i.svcThreadCreate   RTX_CM4.lib(rt_cmsis.o)
    0x08006290   0x0000001c   Code   RO         5741    i.svcThreadGetId    RTX_CM4.lib(rt_cmsis.o)
    0x080062ac   0x00000038   Code   RO         5744    i.svcThreadTerminate  RTX_CM4.lib(rt_cmsis.o)
    0x080062e4   0x00000018   Code   RO         5746    i.svcTimerCall      RTX_CM4.lib(rt_cmsis.o)
    0x080062fc   0x0000005c   Code   RO         5755    i.sysTimerTick      RTX_CM4.lib(rt_cmsis.o)
    0x08006358   0x0000003c   Code   RO          300    i.test              sensors.o
    0x08006394   0x000018a0   Data   RO         1248    .constdata          glcd_fonts.o
    0x08007c34   0x00000068   Data   RO         1356    .constdata          rtx_conf_cm.o
    0x08007c9c   0x00000018   Data   RO         1409    .constdata          eventrecorder.o
    0x08007cb4   0x00000008   Data   RO         1878    .constdata          stm32f7xx_hal_dma.o
    0x08007cbc   0x00000018   Data   RO         5629    .constdata          system_stm32f7xx.o
    0x08007cd4   0x00000026   Data   RO          302    .conststrlit        sensors.o
    0x08007cfa   0x00000002   PAD
    0x08007cfc   0x00000020   Data   RO         7195    Region$$Table       anon$$obj.o


    Execution Region ER_RW (Base: 0x20010000, Size: 0x000000b4, Max: 0xffffffff, ABSOLUTE)

    Base Addr    Size         Type   Attr      Idx    E Section Name        Object

    0x20010000   0x00000002   Data   RW          251    .data               settings.o
    0x20010002   0x00000002   PAD
    0x20010004   0x00000018   Data   RW          303    .data               sensors.o
    0x2001001c   0x0000000b   Data   RW          416    .data               serial.o
    0x20010027   0x00000001   PAD
    0x20010028   0x0000002e   Data   RW          642    .data               ft5336.o
    0x20010056   0x00000002   Data   RW          967    .data               stm32746g_discovery_sdram.o
    0x20010058   0x0000000a   Data   RW         1050    .data               stm32746g_discovery_ts.o
    0x20010062   0x00000002   PAD
    0x20010064   0x00000008   Data   RW         1141    .data               glcd_746g_discovery.o
    0x2001006c   0x00000010   Data   RW         1357    .data               rtx_conf_cm.o
    0x2001007c   0x00000009   Data   RW         1554    .data               stm32f7xx_hal.o
    0x20010085   0x00000003   PAD
    0x20010088   0x00000004   Data   RW         5630    .data               system_stm32f7xx.o
    0x2001008c   0x00000008   Data   RW         5758    .data               RTX_CM4.lib(rt_cmsis.o)
    0x20010094   0x00000004   Data   RW         6290    .data               RTX_CM4.lib(rt_time.o)
    0x20010098   0x00000008   Data   RW         6331    .data               RTX_CM4.lib(rt_task.o)
    0x200100a0   0x00000008   Data   RW         6416    .data               RTX_CM4.lib(rt_system.o)
    0x200100a8   0x00000001   Data   RW         6797    .data               RTX_CM4.lib(hal_cm.o)
    0x200100a9   0x00000003   PAD
    0x200100ac   0x00000008   Data   RW         6845    .data               RTX_CM4.lib(rt_robin.o)


    Execution Region ER_ZI (Base: 0x200100b4, Size: 0x000014f4, Max: 0xffffffff, ABSOLUTE)

    Base Addr    Size         Type   Attr      Idx    E Section Name        Object

    0x200100b4   0x0000000c   Zero   RW          301    .bss                sensors.o
    0x200100c0   0x00000030   Zero   RW          415    .bss                serial.o
    0x200100f0   0x00000018   Zero   RW          470    .bss                pump.o
    0x20010108   0x0000005c   Zero   RW          505    .bss                fan.o
    0x20010164   0x00000098   Zero   RW          766    .bss                stm32746g_discovery.o
    0x200101fc   0x00000120   Zero   RW          966    .bss                stm32746g_discovery_sdram.o
    0x2001031c   0x00000028   Zero   RW         1049    .bss                stm32746g_discovery_ts.o
    0x20010344   0x000000a8   Zero   RW         1140    .bss                glcd_746g_discovery.o
    0x200103ec   0x00000004   PAD
    0x200103f0   0x000008a8   Zero   RW         1355    .bss                rtx_conf_cm.o
    0x20010c98   0x00000034   Zero   RW         6330    .bss                RTX_CM4.lib(rt_task.o)
    0x20010ccc   0x00000030   Zero   RW         6550    .bss                RTX_CM4.lib(rt_list.o)
    0x20010cfc   0x00000004   PAD
    0x20010d00   0x000004a4   Zero   RW         1408    .bss.noinit         eventrecorder.o
    0x200111a4   0x00000004   PAD
    0x200111a8   0x00000400   Zero   RW         5617    STACK               startup_stm32f746xx.o



  Load Region LR$$.ARM.__AT_0xC0000000 (Base: 0xc0000000, Size: 0x00000000, Max: 0x0003fc00, ABSOLUTE)

    Execution Region ER$$.ARM.__AT_0xC0000000 (Base: 0xc0000000, Size: 0x0003fc00, Max: 0x0003fc00, ABSOLUTE, UNINIT)

    Base Addr    Size         Type   Attr      Idx    E Section Name        Object

    0xc0000000   0x0003fc00   Zero   RW         1139    .ARM.__AT_0xC0000000  glcd_746g_discovery.o


==============================================================================

Image component sizes


      Code (inc. data)   RO Data    RW Data    ZI Data      Debug   Object Name

        96         22          0          0          0       1043   dwt_delay.o
         0          0         24          0       1188       3940   eventrecorder.o
       248         30          0          0         92       2551   fan.o
       900         52          0         46          0      17895   ft5336.o
       972        104          0          8     261288       8600   glcd_746g_discovery.o
         0          0       6304          0          0        792   glcd_fonts.o
       532        186          0          0          0       2767   info.o
       160         18          0          0         24       1648   pump.o
        62          6        104         16       2216       7696   rtx_conf_cm.o
      1594        176         38         24         12       5604   sensors.o
       272         38          0         11         48       2333   serial.o
       598         68          0          2          0       2179   settings.o
        36          8        456          0       1024        856   startup_stm32f746xx.o
       676         48          0          0        152       8368   stm32746g_discovery.o
       748         66          0          2        288       4752   stm32746g_discovery_sdram.o
       768         62          0         10         40       5874   stm32746g_discovery_ts.o
       166         20          0          9          0       8839   stm32f7xx_hal.o
       356         28          0          0          0      40217   stm32f7xx_hal_cortex.o
       568         10          8          0          0       3772   stm32f7xx_hal_dma.o
       594         56          0          0          0       4587   stm32f7xx_hal_gpio.o
      1854         34          0          0          0      14440   stm32f7xx_hal_i2c.o
       904          6          0          0          0       3638   stm32f7xx_hal_ltdc.o
      1864         50          0          0          0       4072   stm32f7xx_hal_rcc.o
      1760         18          0          0          0       2320   stm32f7xx_hal_rcc_ex.o
       164          0          0          0          0       3532   stm32f7xx_hal_sdram.o
      1836        140          0          0          0      15005   stm32f7xx_hal_tim.o
       324          4          0          0          0       3628   stm32f7xx_ll_fmc.o
        28          4         24          4          0       1323   system_stm32f7xx.o
       156         14          0          0          0     852753   systemclock.o
        88          0          0          0          0       2100   touch_746g_discovery.o
       350         32          0          0          0       2351   ui_elements.o

    ----------------------------------------------------------------------
     18700       1300       6992        140     266380    1039475   Object Totals
         0          0         32          0          0          0   (incl. Generated)
        26          0          2          8          8          0   (incl. Padding)

    ----------------------------------------------------------------------

      Code (inc. data)   RO Data    RW Data    ZI Data      Debug   Library Member Name

       268         24          0          1          0       4440   hal_cm.o
       408         34          0          0          0        812   hal_cm4.o
      1110        138          0          8          0      34881   rt_cmsis.o
        80          4          0          0          0        697   rt_event.o
       530         34          0          0         48       8589   rt_list.o
       554         10          0          0          0       4177   rt_mailbox.o
       140          0          0          0          0       2033   rt_membox.o
       128          0          0          0          0       2411   rt_memory.o
        96         22          0          8          0       1230   rt_robin.o
        52          4          0          0          0        613   rt_semaphore.o
       298         52          0          8          0       6427   rt_system.o
      1216        174          0          8         52      10017   rt_task.o
         0          0          0          4          0        206   rt_time.o
         4          4          0          0          0        196   svc_table.o
         0          0          0          0          0          0   entry.o
         0          0          0          0          0          0   entry10a.o
         0          0          0          0          0          0   entry11a.o
         8          4          0          0          0          0   entry2.o
         4          0          0          0          0          0   entry5.o
         0          0          0          0          0          0   entry7b.o
         0          0          0          0          0          0   entry8b.o
        30          0          0          0          0          0   handlers.o
        36          8          0          0          0         68   init.o
         0          0          0          0          0          0   iusefp.o
        30          0          0          0          0         68   llshl.o
        32          0          0          0          0         68   llushr.o
        36          0          0          0          0         68   memcpya.o
       390         10          0          0          0        252   printf1.o
        14          0          0          0          0         68   strlen.o
        44          0          0          0          0         80   uidiv.o
        98          0          0          0          0         92   uldiv.o
        48          0          0          0          0         68   cdcmple.o
       222          0          0          0          0        100   ddiv.o
       186          0          0          0          0        176   depilogue.o
        34          0          0          0          0         76   dflti.o
       228          0          0          0          0         96   dmul.o

    ----------------------------------------------------------------------
      6336        522          0         40        104      78009   Library Totals
        12          0          0          3          4          0   (incl. Padding)

    ----------------------------------------------------------------------

      Code (inc. data)   RO Data    RW Data    ZI Data      Debug   Library Name

      4884        500          0         37        100      76729   RTX_CM4.lib
       722         22          0          0          0        764   mc_w.l
       718          0          0          0          0        516   mf_w.l

    ----------------------------------------------------------------------
      6336        522          0         40        104      78009   Library Totals

    ----------------------------------------------------------------------

==============================================================================


      Code (inc. data)   RO Data    RW Data    ZI Data      Debug   

     25036       1822       6992        180     266484    1096664   Grand Totals
     25036       1822       6992        180     266484    1096664   ELF Image Totals
     25036       1822       6992        180          0          0   ROM Totals

==============================================================================

    Total RO  Size (Code + RO Data)                32028 (  31.28kB)
    Total RW  Size (RW Data + ZI Data)            266664 ( 260.41kB)
    Total ROM Size (Code + RO Data + RW Data)      32208 (  31.45kB)

==============================================================================

